Archive member included to satisfy reference by file (symbol)

/Applications/MCUXpressoIDE_11.5.0_7232/ide/plugins/com.nxp.mcuxpresso.tools.macosx_11.5.0.202107051138/tools/bin/../lib/gcc/arm-none-eabi/10.3.1/../../../../arm-none-eabi/lib/thumb/v6-m/nofp/libcr_semihost_nf.a(_cr__main.o)
                              ./startup/startup_mkl46z4.o (__main)
/Applications/MCUXpressoIDE_11.5.0_7232/ide/plugins/com.nxp.mcuxpresso.tools.macosx_11.5.0.202107051138/tools/bin/../lib/gcc/arm-none-eabi/10.3.1/../../../../arm-none-eabi/lib/thumb/v6-m/nofp/libcr_semihost_nf.a(_cr_assert.o)
                              ./utilities/fsl_debug_console.o (__assertion_failed)
/Applications/MCUXpressoIDE_11.5.0_7232/ide/plugins/com.nxp.mcuxpresso.tools.macosx_11.5.0.202107051138/tools/bin/../lib/gcc/arm-none-eabi/10.3.1/../../../../arm-none-eabi/lib/thumb/v6-m/nofp/libcr_semihost_nf.a(__ciob.o)
                              /Applications/MCUXpressoIDE_11.5.0_7232/ide/plugins/com.nxp.mcuxpresso.tools.macosx_11.5.0.202107051138/tools/bin/../lib/gcc/arm-none-eabi/10.3.1/../../../../arm-none-eabi/lib/thumb/v6-m/nofp/libcr_semihost_nf.a(_cr_assert.o) (__Ciob)
/Applications/MCUXpressoIDE_11.5.0_7232/ide/plugins/com.nxp.mcuxpresso.tools.macosx_11.5.0.202107051138/tools/bin/../lib/gcc/arm-none-eabi/10.3.1/../../../../arm-none-eabi/lib/thumb/v6-m/nofp/libcr_semihost_nf.a(__sys_appexit.o)
                              /Applications/MCUXpressoIDE_11.5.0_7232/ide/plugins/com.nxp.mcuxpresso.tools.macosx_11.5.0.202107051138/tools/bin/../lib/gcc/arm-none-eabi/10.3.1/../../../../arm-none-eabi/lib/thumb/v6-m/nofp/libcr_semihost_nf.a(_cr_assert.o) (__sys_appexit)
/Applications/MCUXpressoIDE_11.5.0_7232/ide/plugins/com.nxp.mcuxpresso.tools.macosx_11.5.0.202107051138/tools/bin/../lib/gcc/arm-none-eabi/10.3.1/../../../../arm-none-eabi/lib/thumb/v6-m/nofp/libcr_c.a(memcpy.o)
                              ./drivers/fsl_ftfx_cache.o (memcpy)
/Applications/MCUXpressoIDE_11.5.0_7232/ide/plugins/com.nxp.mcuxpresso.tools.macosx_11.5.0.202107051138/tools/bin/../lib/gcc/arm-none-eabi/10.3.1/../../../../arm-none-eabi/lib/thumb/v6-m/nofp/libcr_c.a(memset.o)
                              ./drivers/fsl_ftfx_cache.o (memset)
/Applications/MCUXpressoIDE_11.5.0_7232/ide/plugins/com.nxp.mcuxpresso.tools.macosx_11.5.0.202107051138/tools/bin/../lib/gcc/arm-none-eabi/10.3.1/../../../../arm-none-eabi/lib/thumb/v6-m/nofp/libcr_c.a(_deferredlazyseek.o)
                              /Applications/MCUXpressoIDE_11.5.0_7232/ide/plugins/com.nxp.mcuxpresso.tools.macosx_11.5.0.202107051138/tools/bin/../lib/gcc/arm-none-eabi/10.3.1/../../../../arm-none-eabi/lib/thumb/v6-m/nofp/libcr_semihost_nf.a(_cr_assert.o) (__flsbuf)
/Applications/MCUXpressoIDE_11.5.0_7232/ide/plugins/com.nxp.mcuxpresso.tools.macosx_11.5.0.202107051138/tools/bin/../lib/gcc/arm-none-eabi/10.3.1/../../../../arm-none-eabi/lib/thumb/v6-m/nofp/libcr_c.a(_fflush.o)
                              /Applications/MCUXpressoIDE_11.5.0_7232/ide/plugins/com.nxp.mcuxpresso.tools.macosx_11.5.0.202107051138/tools/bin/../lib/gcc/arm-none-eabi/10.3.1/../../../../arm-none-eabi/lib/thumb/v6-m/nofp/libcr_c.a(_deferredlazyseek.o) (_fflush)
/Applications/MCUXpressoIDE_11.5.0_7232/ide/plugins/com.nxp.mcuxpresso.tools.macosx_11.5.0.202107051138/tools/bin/../lib/gcc/arm-none-eabi/10.3.1/../../../../arm-none-eabi/lib/thumb/v6-m/nofp/libcr_c.a(_writebuf.o)
                              /Applications/MCUXpressoIDE_11.5.0_7232/ide/plugins/com.nxp.mcuxpresso.tools.macosx_11.5.0.202107051138/tools/bin/../lib/gcc/arm-none-eabi/10.3.1/../../../../arm-none-eabi/lib/thumb/v6-m/nofp/libcr_c.a(_deferredlazyseek.o) (_Cwritebuf)
/Applications/MCUXpressoIDE_11.5.0_7232/ide/plugins/com.nxp.mcuxpresso.tools.macosx_11.5.0.202107051138/tools/bin/../lib/gcc/arm-none-eabi/10.3.1/../../../../arm-none-eabi/lib/thumb/v6-m/nofp/libcr_c.a(alloc.o)
                              ./source/3140_concur.o (malloc)
/Applications/MCUXpressoIDE_11.5.0_7232/ide/plugins/com.nxp.mcuxpresso.tools.macosx_11.5.0.202107051138/tools/bin/../lib/gcc/arm-none-eabi/10.3.1/../../../../arm-none-eabi/lib/thumb/v6-m/nofp/libcr_c.a(fputs.o)
                              /Applications/MCUXpressoIDE_11.5.0_7232/ide/plugins/com.nxp.mcuxpresso.tools.macosx_11.5.0.202107051138/tools/bin/../lib/gcc/arm-none-eabi/10.3.1/../../../../arm-none-eabi/lib/thumb/v6-m/nofp/libcr_semihost_nf.a(_cr_assert.o) (fputs)
/Applications/MCUXpressoIDE_11.5.0_7232/ide/plugins/com.nxp.mcuxpresso.tools.macosx_11.5.0.202107051138/tools/bin/../lib/gcc/arm-none-eabi/10.3.1/../../../../arm-none-eabi/lib/thumb/v6-m/nofp/libcr_c.a(fseek.o)
                              /Applications/MCUXpressoIDE_11.5.0_7232/ide/plugins/com.nxp.mcuxpresso.tools.macosx_11.5.0.202107051138/tools/bin/../lib/gcc/arm-none-eabi/10.3.1/../../../../arm-none-eabi/lib/thumb/v6-m/nofp/libcr_c.a(_deferredlazyseek.o) (fseek)
[...]
Memory Configuration

Name             Origin             Length             Attributes
PROGRAM_FLASH    0x0000000000000000 0x0000000000040000 xr
SRAM             0x000000001fffe000 0x0000000000008000 xrw
*default*        0x0000000000000000 0xffffffffffffffff

Linker script and memory map

LOAD ./utilities/fsl_debug_console.o
LOAD ./utilities/fsl_io.o
LOAD ./utilities/fsl_log.o
LOAD ./utilities/fsl_str.o
LOAD ./startup/startup_mkl46z4.o
LOAD ./source/3140.o
LOAD ./source/3140_concur.o
LOAD ./source/lab4_l1.o
LOAD ./source/lock.o
LOAD ./source/process.o
LOAD ./source/utils.o
LOAD ./drivers/fsl_clock.o
LOAD ./drivers/fsl_common.o
LOAD ./drivers/fsl_ftfx_cache.o
LOAD ./drivers/fsl_ftfx_controller.o
LOAD ./drivers/fsl_ftfx_flash.o
LOAD ./drivers/fsl_ftfx_flexnvm.o
LOAD ./drivers/fsl_gpio.o
LOAD ./drivers/fsl_i2c.o
LOAD ./drivers/fsl_lpsci.o
LOAD ./drivers/fsl_smc.o
LOAD ./drivers/fsl_uart.o
LOAD ./board/board.o
LOAD ./board/clock_config.o
LOAD ./board/peripherals.o
LOAD ./board/pin_mux.o
LOAD ./CMSIS/system_MKL46Z4.o
START GROUP
LOAD /Applications/MCUXpressoIDE_11.5.0_7232/ide/plugins/com.nxp.mcuxpresso.tools.macosx_11.5.0.202107051138/tools/bin/../lib/gcc/arm-none-eabi/10.3.1/../../../../arm-none-eabi/lib/thumb/v6-m/nofp/libcr_semihost_nf.a
LOAD /Applications/MCUXpressoIDE_11.5.0_7232/ide/plugins/com.nxp.mcuxpresso.tools.macosx_11.5.0.202107051138/tools/bin/../lib/gcc/arm-none-eabi/10.3.1/../../../../arm-none-eabi/lib/thumb/v6-m/nofp/libcr_c.a
LOAD /Applications/MCUXpressoIDE_11.5.0_7232/ide/plugins/com.nxp.mcuxpresso.tools.macosx_11.5.0.202107051138/tools/bin/../lib/gcc/arm-none-eabi/10.3.1/thumb/v6-m/nofp/libcr_eabihelpers.a
LOAD /Applications/MCUXpressoIDE_11.5.0_7232/ide/plugins/com.nxp.mcuxpresso.tools.macosx_11.5.0.202107051138/tools/bin/../lib/gcc/arm-none-eabi/10.3.1/thumb/v6-m/nofp/libgcc.a
END GROUP
                0x0000000000000000                __base_PROGRAM_FLASH = 0x0
                0x0000000000000000                __base_Flash = 0x0
                0x0000000000040000                __top_PROGRAM_FLASH = 0x40000
                0x0000000000040000                __top_Flash = 0x40000
                0x000000001fffe000                __base_SRAM = 0x1fffe000
                0x000000001fffe000                __base_RAM = 0x1fffe000
                0x0000000020006000                __top_SRAM = 0x20006000
                0x0000000020006000                __top_RAM = 0x20006000

.text           0x0000000000000000     0x1340
 FILL mask 0xff
                0x0000000000000000                __vectors_start__ = ABSOLUTE (.)
 *(SORT_BY_ALIGNMENT(.isr_vector))
 .isr_vector    0x0000000000000000       0xc0 ./startup/startup_mkl46z4.o
                0x0000000000000000                __Vectors
                0x0000000000000000                g_pfnVectors
                0x00000000000000c0                . = ALIGN (0x4)
                0x00000000000000c0                __section_table_start = .
                0x00000000000000c0                __data_section_table = .
                0x00000000000000c0        0x4 LONG 0x1340 LOADADDR (.data)
                0x00000000000000c4        0x4 LONG 0x1fffe000 ADDR (.data)
                0x00000000000000c8        0x4 LONG 0x4 SIZEOF (.data)
                0x00000000000000cc                __data_section_table_end = .
                0x00000000000000cc                __bss_section_table = .
                0x00000000000000cc        0x4 LONG 0x1fffe004 ADDR (.bss)
                0x00000000000000d0        0x4 LONG 0x108 SIZEOF (.bss)
                0x00000000000000d4                __bss_section_table_end = .
                0x00000000000000d4                __section_table_end = .
 *(SORT_BY_ALIGNMENT(.after_vectors*))
 .after_vectors.reset
                0x00000000000000d4       0x4c ./startup/startup_mkl46z4.o
                0x00000000000000d4                ResetISR
 .after_vectors.init_data
                0x0000000000000120       0x12 ./startup/startup_mkl46z4.o
                0x0000000000000120                data_init
 .after_vectors.init_bss
                0x0000000000000132       0x10 ./startup/startup_mkl46z4.o
                0x0000000000000132                bss_init
 .after_vectors
                0x0000000000000142      0x10c ./startup/startup_mkl46z4.o
                0x0000000000000142                NMI_Handler
                0x0000000000000144                HardFault_Handler
                0x0000000000000148                PendSV_Handler
                0x000000000000014a                SysTick_Handler
                0x000000000000014c                PORTC_PORTD_DriverIRQHandler
                0x000000000000014c                PIT_DriverIRQHandler
                0x000000000000014c                DMA0_DriverIRQHandler
                0x000000000000014c                SPI1_DriverIRQHandler
                0x000000000000014c                LPTMR0_DriverIRQHandler
                0x000000000000014c                I2S0_DriverIRQHandler
                0x000000000000014c                TPM2_DriverIRQHandler
                0x000000000000014c                TSI0_DriverIRQHandler
                0x000000000000014c                RTC_Seconds_DriverIRQHandler
                0x000000000000014c                LLWU_DriverIRQHandler
                0x000000000000014c                MCG_DriverIRQHandler
                0x000000000000014c                FTFA_DriverIRQHandler
                0x000000000000014c                IntDefaultHandler
                0x000000000000014c                USB0_DriverIRQHandler
                0x000000000000014c                DAC0_DriverIRQHandler
                0x000000000000014c                LVD_LVW_DriverIRQHandler
                0x000000000000014c                TPM0_DriverIRQHandler
                0x000000000000014c                Reserved20_DriverIRQHandler
                0x000000000000014c                DMA3_DriverIRQHandler
                0x000000000000014c                PORTA_DriverIRQHandler
                0x000000000000014c                TPM1_DriverIRQHandler
                0x000000000000014c                RTC_DriverIRQHandler
                0x000000000000014c                LCD_DriverIRQHandler
                0x000000000000014c                DMA1_DriverIRQHandler
                0x000000000000014c                SPI0_DriverIRQHandler
                0x000000000000014c                ADC0_DriverIRQHandler
                0x000000000000014c                CMP0_DriverIRQHandler
                0x000000000000014c                DMA2_DriverIRQHandler
                0x000000000000014e                DMA0_IRQHandler
                0x0000000000000156                DMA1_IRQHandler
                0x000000000000015e                DMA2_IRQHandler
                0x0000000000000166                DMA3_IRQHandler
                0x000000000000016e                Reserved20_IRQHandler
                0x0000000000000176                FTFA_IRQHandler
                0x000000000000017e                LVD_LVW_IRQHandler
                0x0000000000000186                LLWU_IRQHandler
                0x000000000000018e                I2C0_IRQHandler
                0x0000000000000196                I2C1_IRQHandler
                0x000000000000019e                SPI0_IRQHandler
                0x00000000000001a6                SPI1_IRQHandler
                0x00000000000001ae                UART0_IRQHandler
                0x00000000000001b6                UART1_IRQHandler
                0x00000000000001be                UART2_IRQHandler
                0x00000000000001c6                ADC0_IRQHandler
                0x00000000000001ce                CMP0_IRQHandler
                0x00000000000001d6                TPM0_IRQHandler
                0x00000000000001de                TPM1_IRQHandler
                0x00000000000001e6                TPM2_IRQHandler
                0x00000000000001ee                RTC_IRQHandler
                0x00000000000001f6                RTC_Seconds_IRQHandler
                0x0000000000000206                I2S0_IRQHandler
                0x000000000000020e                USB0_IRQHandler
                0x0000000000000216                DAC0_IRQHandler
                0x000000000000021e                TSI0_IRQHandler
                0x0000000000000226                MCG_IRQHandler
                0x000000000000022e                LPTMR0_IRQHandler
                0x0000000000000236                LCD_IRQHandler
                0x000000000000023e                PORTA_IRQHandler
                0x0000000000000246                PORTC_PORTD_IRQHandler
                0x0000000000000400                . = 0x400
 *fill*         0x000000000000024e      0x1b2 ff
                0x0000000000000400                PROVIDE (__FLASH_CONFIG_START__ = .)
 *(SORT_BY_ALIGNMENT(.FlashConfig))
 .FlashConfig   0x0000000000000400       0x10 ./startup/startup_mkl46z4.o
                0x0000000000000400                Flash_Config
                0x0000000000000410                PROVIDE (__FLASH_CONFIG_END__ = .)
                0x0000000000000001                ASSERT (! ((__FLASH_CONFIG_START__ == __FLASH_CONFIG_END__)), Linker Flash Config Support Enabled, but no .FlashConfig section provided within application)
 *(SORT_BY_ALIGNMENT(.text*))
 .text          0x0000000000000410       0xac ./source/3140.o
                0x0000000000000410                SVC_Handler
                0x0000000000000446                process_terminated
                0x000000000000044a                process_begin
                0x0000000000000450                process_blocked
                0x0000000000000456                PIT_IRQHandler
 .text.process_stack_init
                0x00000000000004bc       0xd4 ./source/3140_concur.o
                0x00000000000004bc                process_stack_init
 .text.reader   0x0000000000000590       0x70 ./source/lab4_l1.o
                0x0000000000000590                reader
 .text.writer   0x0000000000000600       0x30 ./source/lab4_l1.o
                0x0000000000000600                writer
 .text.main     0x0000000000000630       0x9c ./source/lab4_l1.o
                0x0000000000000630                main
 .text.l_lock   0x00000000000006cc       0x58 ./source/lock.o
                0x00000000000006cc                l_lock
 .text.l_unlock
                0x0000000000000724       0x54 ./source/lock.o
                0x0000000000000724                l_unlock
 .text.__NVIC_EnableIRQ
                0x0000000000000778       0x34 ./source/process.o
 .text.pop_front_process
                0x00000000000007ac       0x48 ./source/process.o
 .text.push_tail_process
                0x00000000000007f4       0x44 ./source/process.o
                0x00000000000007f4                push_tail_process
 .text.process_select
                0x0000000000000838       0x68 ./source/process.o
                0x0000000000000838                process_select
 .text.process_start
                0x00000000000008a0       0x54 ./source/process.o
                0x00000000000008a0                process_start
 .text.LED_Initialize
                0x00000000000008f4       0x60 ./source/utils.o
                0x00000000000008f4                LED_Initialize
 .text.LEDRed_Toggle
                0x0000000000000954       0x18 ./source/utils.o
                0x0000000000000954                LEDRed_Toggle
 .text.LEDGreen_Toggle
                0x000000000000096c       0x14 ./source/utils.o
                0x000000000000096c                LEDGreen_Toggle
 .text.LEDGreen_On
                0x0000000000000980       0x34 ./source/utils.o
                0x0000000000000980                LEDGreen_On
 .text.delay    0x00000000000009b4       0x28 ./source/utils.o
                0x00000000000009b4                delay
 .text.I2C_TransferCommonIRQHandler
                0x00000000000009dc       0x58 ./drivers/fsl_i2c.o
 .text.I2C0_DriverIRQHandler
                0x0000000000000a34       0x20 ./drivers/fsl_i2c.o
                0x0000000000000a34                I2C0_DriverIRQHandler
 .text.I2C1_DriverIRQHandler
                0x0000000000000a54       0x20 ./drivers/fsl_i2c.o
                0x0000000000000a54                I2C1_DriverIRQHandler
 .text.UART0_DriverIRQHandler
                0x0000000000000a74       0x24 ./drivers/fsl_lpsci.o
                0x0000000000000a74                UART0_DriverIRQHandler
 .text.UART1_DriverIRQHandler
                0x0000000000000a98       0x24 ./drivers/fsl_uart.o
                0x0000000000000a98                UART1_DriverIRQHandler
 .text.UART2_DriverIRQHandler
                0x0000000000000abc       0x24 ./drivers/fsl_uart.o
                0x0000000000000abc                UART2_DriverIRQHandler
 .text.SystemInit
                0x0000000000000ae0       0x1c ./CMSIS/system_MKL46Z4.o
                0x0000000000000ae0                SystemInit
 .text._deferredlazyseek
                0x0000000000000afc       0x40 /Applications/MCUXpressoIDE_11.5.0_7232/ide/plugins/com.nxp.mcuxpresso.tools.macosx_11.5.0.202107051138/tools/bin/../lib/gcc/arm-none-eabi/10.3.1/../../../../arm-none-eabi/lib/thumb/v6-m/nofp/libcr_c.a(_deferredlazyseek.o)
                0x0000000000000afc                _deferredlazyseek
 .text._fflush  0x0000000000000b3c       0x60 /Applications/MCUXpressoIDE_11.5.0_7232/ide/plugins/com.nxp.mcuxpresso.tools.macosx_11.5.0.202107051138/tools/bin/../lib/gcc/arm-none-eabi/10.3.1/../../../../arm-none-eabi/lib/thumb/v6-m/nofp/libcr_c.a(_fflush.o)
                0x0000000000000b3c                _fflush
 .text._Cwritebuf
                0x0000000000000b9c       0x68 /Applications/MCUXpressoIDE_11.5.0_7232/ide/plugins/com.nxp.mcuxpresso.tools.macosx_11.5.0.202107051138/tools/bin/../lib/gcc/arm-none-eabi/10.3.1/../../../../arm-none-eabi/lib/thumb/v6-m/nofp/libcr_c.a(_writebuf.o)
                0x0000000000000b9c                _Cwritebuf
 .text.malloc   0x0000000000000c04       0xcc /Applications/MCUXpressoIDE_11.5.0_7232/ide/plugins/com.nxp.mcuxpresso.tools.macosx_11.5.0.202107051138/tools/bin/../lib/gcc/arm-none-eabi/10.3.1/../../../../arm-none-eabi/lib/thumb/v6-m/nofp/libcr_c.a(alloc.o)
                0x0000000000000c04                malloc
 .text.fseek    0x0000000000000cd0       0xf0 /Applications/MCUXpressoIDE_11.5.0_7232/ide/plugins/com.nxp.mcuxpresso.tools.macosx_11.5.0.202107051138/tools/bin/../lib/gcc/arm-none-eabi/10.3.1/../../../../arm-none-eabi/lib/thumb/v6-m/nofp/libcr_c.a(fseek.o)
                0x0000000000000cd0                fseek
 .text.ftell    0x0000000000000dc0       0x48 /Applications/MCUXpressoIDE_11.5.0_7232/ide/plugins/com.nxp.mcuxpresso.tools.macosx_11.5.0.202107051138/tools/bin/../lib/gcc/arm-none-eabi/10.3.1/../../../../arm-none-eabi/lib/thumb/v6-m/nofp/libcr_c.a(ftell.o)
                0x0000000000000dc0                ftell
 .text._initio  0x0000000000000e08       0x7c /Applications/MCUXpressoIDE_11.5.0_7232/ide/plugins/com.nxp.mcuxpresso.tools.macosx_11.5.0.202107051138/tools/bin/../lib/gcc/arm-none-eabi/10.3.1/../../../../arm-none-eabi/lib/thumb/v6-m/nofp/libcr_c.a(initio.o)
                0x0000000000000e08                _initio
 .text.setvbuf  0x0000000000000e84       0x4c /Applications/MCUXpressoIDE_11.5.0_7232/ide/plugins/com.nxp.mcuxpresso.tools.macosx_11.5.0.202107051138/tools/bin/../lib/gcc/arm-none-eabi/10.3.1/../../../../arm-none-eabi/lib/thumb/v6-m/nofp/libcr_c.a(setvbuf.o)
                0x0000000000000e84                setvbuf
 .text.strlen   0x0000000000000ed0       0x58 /Applications/MCUXpressoIDE_11.5.0_7232/ide/plugins/com.nxp.mcuxpresso.tools.macosx_11.5.0.202107051138/tools/bin/../lib/gcc/arm-none-eabi/10.3.1/../../../../arm-none-eabi/lib/thumb/v6-m/nofp/libcr_c.a(strlen.o)
                0x0000000000000ed0                strlen
 .text._sbrk    0x0000000000000f28       0x44 /Applications/MCUXpressoIDE_11.5.0_7232/ide/plugins/com.nxp.mcuxpresso.tools.macosx_11.5.0.202107051138/tools/bin/../lib/gcc/arm-none-eabi/10.3.1/../../../../arm-none-eabi/lib/thumb/v6-m/nofp/libcr_c.a(_cr_sbrk.o)
                0x0000000000000f28                _sbrk
 .text._fdopen  0x0000000000000f6c       0x74 /Applications/MCUXpressoIDE_11.5.0_7232/ide/plugins/com.nxp.mcuxpresso.tools.macosx_11.5.0.202107051138/tools/bin/../lib/gcc/arm-none-eabi/10.3.1/../../../../arm-none-eabi/lib/thumb/v6-m/nofp/libcr_c.a(_fdopen.o)
                0x0000000000000f6c                _fdopen
 .text.fclose   0x0000000000000fe0       0x5c /Applications/MCUXpressoIDE_11.5.0_7232/ide/plugins/com.nxp.mcuxpresso.tools.macosx_11.5.0.202107051138/tools/bin/../lib/gcc/arm-none-eabi/10.3.1/../../../../arm-none-eabi/lib/thumb/v6-m/nofp/libcr_c.a(fclose.o)
                0x0000000000000fe0                fclose
 .text.fflush   0x000000000000103c       0x44 /Applications/MCUXpressoIDE_11.5.0_7232/ide/plugins/com.nxp.mcuxpresso.tools.macosx_11.5.0.202107051138/tools/bin/../lib/gcc/arm-none-eabi/10.3.1/../../../../arm-none-eabi/lib/thumb/v6-m/nofp/libcr_c.a(fflush.o)
                0x000000000000103c                fflush
 .text.__check_heap_overflow
                0x0000000000001080       0x18 /Applications/MCUXpressoIDE_11.5.0_7232/ide/plugins/com.nxp.mcuxpresso.tools.macosx_11.5.0.202107051138/tools/bin/../lib/gcc/arm-none-eabi/10.3.1/../../../../arm-none-eabi/lib/thumb/v6-m/nofp/libcr_c.a(_cr_check_heap.o)
                0x0000000000001080                __check_heap_overflow
 .text._do_fflush
                0x0000000000001098       0x48 /Applications/MCUXpressoIDE_11.5.0_7232/ide/plugins/com.nxp.mcuxpresso.tools.macosx_11.5.0.202107051138/tools/bin/../lib/gcc/arm-none-eabi/10.3.1/../../../../arm-none-eabi/lib/thumb/v6-m/nofp/libcr_c.a(_do_fflush.o)
                0x0000000000001098                _do_fflush
 .text.process_stack_free
                0x00000000000010e0       0x26 ./source/3140_concur.o
                0x00000000000010e0                process_stack_free
 .text.p1       0x0000000000001106       0x2a ./source/lab4_l1.o
                0x0000000000001106                p1
 .text.l_pop_front_process
                0x0000000000001130       0x32 ./source/lock.o
                0x0000000000001130                l_pop_front_process
 .text.l_enqueue
                0x0000000000001162       0x44 ./source/lock.o
                0x0000000000001162                l_enqueue
 .text.l_init   0x00000000000011a6       0x1c ./source/lock.o
                0x00000000000011a6                l_init
 .text.process_free
                0x00000000000011c2       0x28 ./source/process.o
 .text.process_create
                0x00000000000011ea       0x74 ./source/process.o
                0x00000000000011ea                process_create
 .text.SystemInitHook
                0x000000000000125e        0xa ./CMSIS/system_MKL46Z4.o
                0x000000000000125e                SystemInitHook
 .text.__main   0x0000000000001268        0xc /Applications/MCUXpressoIDE_11.5.0_7232/ide/plugins/com.nxp.mcuxpresso.tools.macosx_11.5.0.202107051138/tools/bin/../lib/gcc/arm-none-eabi/10.3.1/../../../../arm-none-eabi/lib/thumb/v6-m/nofp/libcr_semihost_nf.a(_cr__main.o)
                0x0000000000001268                __main
                0x0000000000001268                __CR_SEMIHOST
 .text.memset   0x0000000000001274        0x8 /Applications/MCUXpressoIDE_11.5.0_7232/ide/plugins/com.nxp.mcuxpresso.tools.macosx_11.5.0.202107051138/tools/bin/../lib/gcc/arm-none-eabi/10.3.1/../../../../arm-none-eabi/lib/thumb/v6-m/nofp/libcr_c.a(memset.o)
                0x0000000000001274                memset
 .text.free     0x000000000000127c       0x2c /Applications/MCUXpressoIDE_11.5.0_7232/ide/plugins/com.nxp.mcuxpresso.tools.macosx_11.5.0.202107051138/tools/bin/../lib/gcc/arm-none-eabi/10.3.1/../../../../arm-none-eabi/lib/thumb/v6-m/nofp/libcr_c.a(alloc.o)
                0x000000000000127c                free
 .text.remove   0x00000000000012a8       0x12 /Applications/MCUXpressoIDE_11.5.0_7232/ide/plugins/com.nxp.mcuxpresso.tools.macosx_11.5.0.202107051138/tools/bin/../lib/gcc/arm-none-eabi/10.3.1/../../../../arm-none-eabi/lib/thumb/v6-m/nofp/libcr_c.a(remove.o)
                0x00000000000012a8                remove
 .text.__aeabi_memset_lowlevel
                0x00000000000012ba       0x2a /Applications/MCUXpressoIDE_11.5.0_7232/ide/plugins/com.nxp.mcuxpresso.tools.macosx_11.5.0.202107051138/tools/bin/../lib/gcc/arm-none-eabi/10.3.1/thumb/v6-m/nofp/libcr_eabihelpers.a(memcpy.o)
                0x00000000000012ba                __aeabi_lowlevel_memset
 .text.__sys_close
                0x00000000000012e4        0xc /Applications/MCUXpressoIDE_11.5.0_7232/ide/plugins/com.nxp.mcuxpresso.tools.macosx_11.5.0.202107051138/tools/bin/../lib/gcc/arm-none-eabi/10.3.1/../../../../arm-none-eabi/lib/thumb/v6-m/nofp/libcr_semihost_nf.a(__sys_close.o)
                0x00000000000012e4                __sys_close
 .text.__sys_flen
                0x00000000000012f0        0xc /Applications/MCUXpressoIDE_11.5.0_7232/ide/plugins/com.nxp.mcuxpresso.tools.macosx_11.5.0.202107051138/tools/bin/../lib/gcc/arm-none-eabi/10.3.1/../../../../arm-none-eabi/lib/thumb/v6-m/nofp/libcr_semihost_nf.a(__sys_flen.o)
                0x00000000000012f0                __sys_flen
 .text.__sys_istty
                0x00000000000012fc        0xc /Applications/MCUXpressoIDE_11.5.0_7232/ide/plugins/com.nxp.mcuxpresso.tools.macosx_11.5.0.202107051138/tools/bin/../lib/gcc/arm-none-eabi/10.3.1/../../../../arm-none-eabi/lib/thumb/v6-m/nofp/libcr_semihost_nf.a(__sys_istty.o)
                0x00000000000012fc                __sys_istty
 .text.__sys_remove
                0x0000000000001308        0xc /Applications/MCUXpressoIDE_11.5.0_7232/ide/plugins/com.nxp.mcuxpresso.tools.macosx_11.5.0.202107051138/tools/bin/../lib/gcc/arm-none-eabi/10.3.1/../../../../arm-none-eabi/lib/thumb/v6-m/nofp/libcr_semihost_nf.a(__sys_remove.o)
                0x0000000000001308                __sys_remove
 .text.__sys_seek
                0x0000000000001314        0xc /Applications/MCUXpressoIDE_11.5.0_7232/ide/plugins/com.nxp.mcuxpresso.tools.macosx_11.5.0.202107051138/tools/bin/../lib/gcc/arm-none-eabi/10.3.1/../../../../arm-none-eabi/lib/thumb/v6-m/nofp/libcr_semihost_nf.a(__sys_seek.o)
                0x0000000000001314                __sys_seek
 .text.__sys_tmpnam
                0x0000000000001320        0xc /Applications/MCUXpressoIDE_11.5.0_7232/ide/plugins/com.nxp.mcuxpresso.tools.macosx_11.5.0.202107051138/tools/bin/../lib/gcc/arm-none-eabi/10.3.1/../../../../arm-none-eabi/lib/thumb/v6-m/nofp/libcr_semihost_nf.a(__sys_tmpnam.o)
                0x0000000000001320                __sys_tmpnam
 .text.__sys_write
                0x000000000000132c        0xc /Applications/MCUXpressoIDE_11.5.0_7232/ide/plugins/com.nxp.mcuxpresso.tools.macosx_11.5.0.202107051138/tools/bin/../lib/gcc/arm-none-eabi/10.3.1/../../../../arm-none-eabi/lib/thumb/v6-m/nofp/libcr_semihost_nf.a(__sys_write.o)
                0x000000000000132c                __sys_write
 *(SORT_BY_ALIGNMENT(.rodata) SORT_BY_ALIGNMENT(.rodata.*) SORT_BY_ALIGNMENT(.constdata) SORT_BY_ALIGNMENT(.constdata.*))
 .rodata.__num_Ciob_streams
                0x0000000000001338        0x4 /Applications/MCUXpressoIDE_11.5.0_7232/ide/plugins/com.nxp.mcuxpresso.tools.macosx_11.5.0.202107051138/tools/bin/../lib/gcc/arm-none-eabi/10.3.1/../../../../arm-none-eabi/lib/thumb/v6-m/nofp/libcr_semihost_nf.a(__ciob.o)
                0x0000000000001338                __num_Ciob_streams
 .rodata._initio.str1.1
                0x000000000000133c        0x4 /Applications/MCUXpressoIDE_11.5.0_7232/ide/plugins/com.nxp.mcuxpresso.tools.macosx_11.5.0.202107051138/tools/bin/../lib/gcc/arm-none-eabi/10.3.1/../../../../arm-none-eabi/lib/thumb/v6-m/nofp/libcr_c.a(initio.o)
                0x0000000000001340                . = ALIGN (0x4)

.glue_7         0x0000000000001340        0x0
 .glue_7        0x0000000000001340        0x0 linker stubs

.glue_7t        0x0000000000001340        0x0
 .glue_7t       0x0000000000001340        0x0 linker stubs

.vfp11_veneer   0x0000000000001340        0x0
 .vfp11_veneer  0x0000000000001340        0x0 linker stubs

.v4_bx          0x0000000000001340        0x0
 .v4_bx         0x0000000000001340        0x0 linker stubs

.iplt           0x0000000000001340        0x0
 .iplt          0x0000000000001340        0x0 ./startup/startup_mkl46z4.o

.rel.dyn        0x0000000000001340        0x0
 .rel.iplt      0x0000000000001340        0x0 ./startup/startup_mkl46z4.o

.ARM.extab
 *(SORT_BY_ALIGNMENT(.ARM.extab*) SORT_BY_ALIGNMENT(.gnu.linkonce.armextab.*))

.ARM.exidx      0x0000000000001340        0x0
                0x0000000000001340                __exidx_start = .
 *(SORT_BY_ALIGNMENT(.ARM.exidx*) SORT_BY_ALIGNMENT(.gnu.linkonce.armexidx.*))
                0x0000000000001340                __exidx_end = .
                0x0000000000001340                _etext = .

.m_usb_data
 *(SORT_BY_ALIGNMENT(m_usb_bdt))

.mtb_buffer_default
 *(SORT_BY_ALIGNMENT(.mtb*))

.uninit_RESERVED
                0x000000001fffe000        0x0
                0x000000001fffe000                _start_uninit_RESERVED = .
 *(SORT_BY_ALIGNMENT(.bss.$RESERVED*))
                0x000000001fffe000                . = ALIGN (0x4)
                0x000000001fffe000                _end_uninit_RESERVED = .

.data           0x000000001fffe000        0x4 load address 0x0000000000001340
 FILL mask 0xff
                0x000000001fffe000                _data = .
                [!provide]                        PROVIDE (__start_data_RAM = .)
                [!provide]                        PROVIDE (__start_data_SRAM = .)
 *(SORT_BY_ALIGNMENT(vtable))
 *(SORT_BY_ALIGNMENT(.ramfunc*))
 *(SORT_BY_ALIGNMENT(CodeQuickAccess))
 *(SORT_BY_ALIGNMENT(DataQuickAccess))
 *(SORT_BY_ALIGNMENT(RamFunction))
 *(SORT_BY_ALIGNMENT(.data*))
 .data          0x000000001fffe000        0x4 ./source/3140.o
                0x000000001fffe004                . = ALIGN (0x4)
                0x000000001fffe004                _edata = .
                [!provide]                        PROVIDE (__end_data_RAM = .)
                [!provide]                        PROVIDE (__end_data_SRAM = .)

.igot.plt       0x000000001fffe004        0x0 load address 0x0000000000001344
 .igot.plt      0x000000001fffe004        0x0 ./startup/startup_mkl46z4.o

.bss            0x000000001fffe004      0x108
                0x000000001fffe004                _bss = .
                [!provide]                        PROVIDE (__start_bss_RAM = .)
                [!provide]                        PROVIDE (__start_bss_SRAM = .)
 *(SORT_BY_ALIGNMENT(.bss*))
 .bss.w         0x000000001fffe004        0x8 ./source/lab4_l1.o
                0x000000001fffe004                w
 .bss.r         0x000000001fffe00c        0x8 ./source/lab4_l1.o
                0x000000001fffe00c                r
 .bss.nr        0x000000001fffe014        0x4 ./source/lab4_l1.o
                0x000000001fffe014                nr
 .bss.current_process
                0x000000001fffe018        0x4 ./source/process.o
                0x000000001fffe018                current_process
 .bss.process_queue
                0x000000001fffe01c        0x4 ./source/process.o
                0x000000001fffe01c                process_queue
 .bss.process_tail
                0x000000001fffe020        0x4 ./source/process.o
                0x000000001fffe020                process_tail
 .bss.s_i2cHandle
                0x000000001fffe024        0x8 ./drivers/fsl_i2c.o
 .bss.s_i2cMasterIsr
                0x000000001fffe02c        0x4 ./drivers/fsl_i2c.o
 .bss.s_i2cSlaveIsr
                0x000000001fffe030        0x4 ./drivers/fsl_i2c.o
 .bss.s_lpsciHandle
                0x000000001fffe034        0x4 ./drivers/fsl_lpsci.o
 .bss.s_lpsciIsr
                0x000000001fffe038        0x4 ./drivers/fsl_lpsci.o
 .bss.s_uartHandle
                0x000000001fffe03c        0xc ./drivers/fsl_uart.o
 .bss.s_uartIsr
                0x000000001fffe048        0x4 ./drivers/fsl_uart.o
 .bss.__Ciob    0x000000001fffe04c       0xb4 /Applications/MCUXpressoIDE_11.5.0_7232/ide/plugins/com.nxp.mcuxpresso.tools.macosx_11.5.0.202107051138/tools/bin/../lib/gcc/arm-none-eabi/10.3.1/../../../../arm-none-eabi/lib/thumb/v6-m/nofp/libcr_semihost_nf.a(__ciob.o)
                0x000000001fffe04c                __Ciob
 .bss.__end_of_heap
                0x000000001fffe100        0x4 /Applications/MCUXpressoIDE_11.5.0_7232/ide/plugins/com.nxp.mcuxpresso.tools.macosx_11.5.0.202107051138/tools/bin/../lib/gcc/arm-none-eabi/10.3.1/../../../../arm-none-eabi/lib/thumb/v6-m/nofp/libcr_c.a(__init_alloc.o)
                0x000000001fffe100                __end_of_heap
 .bss.__heaps   0x000000001fffe104        0x4 /Applications/MCUXpressoIDE_11.5.0_7232/ide/plugins/com.nxp.mcuxpresso.tools.macosx_11.5.0.202107051138/tools/bin/../lib/gcc/arm-none-eabi/10.3.1/../../../../arm-none-eabi/lib/thumb/v6-m/nofp/libcr_c.a(__init_alloc.o)
                0x000000001fffe104                __heaps
 .bss.errno     0x000000001fffe108        0x4 /Applications/MCUXpressoIDE_11.5.0_7232/ide/plugins/com.nxp.mcuxpresso.tools.macosx_11.5.0.202107051138/tools/bin/../lib/gcc/arm-none-eabi/10.3.1/../../../../arm-none-eabi/lib/thumb/v6-m/nofp/libcr_c.a(errno.o)
                0x000000001fffe108                errno
 *(SORT_BY_ALIGNMENT(COMMON))
                0x000000001fffe10c                . = ALIGN (0x4)
                0x000000001fffe10c                _ebss = .
                [!provide]                        PROVIDE (__end_bss_RAM = .)
                [!provide]                        PROVIDE (__end_bss_SRAM = .)
                [!provide]                        PROVIDE (end = .)

.noinit         0x000000001fffe10c        0x0
                0x000000001fffe10c                _noinit = .
                [!provide]                        PROVIDE (__start_noinit_RAM = .)
                [!provide]                        PROVIDE (__start_noinit_SRAM = .)
 *(SORT_BY_ALIGNMENT(.noinit*))
                0x000000001fffe10c                . = ALIGN (0x4)
                0x000000001fffe10c                _end_noinit = .
                [!provide]                        PROVIDE (__end_noinit_RAM = .)
                [!provide]                        PROVIDE (__end_noinit_SRAM = .)
                0x0000000000000800                _HeapSize = 0x800

.heap           0x000000001fffe10c      0x800
                0x000000001fffe10c                _pvHeapStart = .
                0x000000001fffe90c                . = (. + _HeapSize)
 *fill*         0x000000001fffe10c      0x800 
                0x000000001fffe90c                . = ALIGN (0x4)
                0x000000001fffe90c                _pvHeapLimit = .
                0x0000000000000800                _StackSize = 0x800

.heap2stackfill
                0x000000001fffe90c      0x800
                0x000000001ffff10c                . = (. + _StackSize)
 *fill*         0x000000001fffe90c      0x800 

.stack          0x0000000020005800        0x0
                0x0000000020005800                _vStackBase = .
                0x0000000020005800                . = ALIGN (0x4)
                0x0000000020006000                _vStackTop = (. + _StackSize)
                0x0000000000000000                _image_start = LOADADDR (.text)
                0x0000000000001344                _image_end = (LOADADDR (.data) + SIZEOF (.data))
                0x0000000000001344                _image_size = (_image_end - _image_start)
OUTPUT(3140.axf elf32-littlearm)
LOAD linker stubs

.debug_info     0x0000000000000000     0x5f43
 .debug_info    0x0000000000000000      0x4eb ./startup/startup_mkl46z4.o
 .debug_info    0x00000000000004eb       0x26 ./source/3140.o
 .debug_info    0x0000000000000511      0x10a ./source/3140_concur.o
 .debug_info    0x000000000000061b      0x186 ./source/lab4_l1.o
 .debug_info    0x00000000000007a1      0x335 ./source/lock.o
 .debug_info    0x0000000000000ad6      0x752 ./source/process.o
 .debug_info    0x0000000000001228      0x55a ./source/utils.o
 .debug_info    0x0000000000001782     0x1aba ./drivers/fsl_i2c.o
 .debug_info    0x000000000000323c     0x14ac ./drivers/fsl_lpsci.o
 .debug_info    0x00000000000046e8     0x144d ./drivers/fsl_uart.o
 .debug_info    0x0000000000005b35      0x40e ./CMSIS/system_MKL46Z4.o

.debug_abbrev   0x0000000000000000     0x13a9
 .debug_abbrev  0x0000000000000000      0x198 ./startup/startup_mkl46z4.o
 .debug_abbrev  0x0000000000000198       0x14 ./source/3140.o
 .debug_abbrev  0x00000000000001ac       0xa8 ./source/3140_concur.o
 .debug_abbrev  0x0000000000000254       0xea ./source/lab4_l1.o
 .debug_abbrev  0x000000000000033e      0x1b3 ./source/lock.o
 .debug_abbrev  0x00000000000004f1      0x26a ./source/process.o
 .debug_abbrev  0x000000000000075b      0x1aa ./source/utils.o
 .debug_abbrev  0x0000000000000905      0x376 ./drivers/fsl_i2c.o
 .debug_abbrev  0x0000000000000c7b      0x2f3 ./drivers/fsl_lpsci.o
 .debug_abbrev  0x0000000000000f6e      0x2f3 ./drivers/fsl_uart.o
 .debug_abbrev  0x0000000000001261      0x148 ./CMSIS/system_MKL46Z4.o

.debug_aranges  0x0000000000000000      0x6b0
 .debug_aranges
                0x0000000000000000      0x160 ./startup/startup_mkl46z4.o
 .debug_aranges
                0x0000000000000160       0x20 ./source/3140.o
 .debug_aranges
                0x0000000000000180       0x28 ./source/3140_concur.o
 .debug_aranges
                0x00000000000001a8       0x38 ./source/lab4_l1.o
 .debug_aranges
                0x00000000000001e0       0x40 ./source/lock.o
 .debug_aranges
                0x0000000000000220       0x50 ./source/process.o
 .debug_aranges
                0x0000000000000270       0x50 ./source/utils.o
 .debug_aranges
                0x00000000000002c0      0x178 ./drivers/fsl_i2c.o
 .debug_aranges
                0x0000000000000438      0x118 ./drivers/fsl_lpsci.o
 .debug_aranges
                0x0000000000000550      0x130 ./drivers/fsl_uart.o
 .debug_aranges
                0x0000000000000680       0x30 ./CMSIS/system_MKL46Z4.o

.debug_ranges   0x0000000000000000      0x5f0
 .debug_ranges  0x0000000000000000      0x150 ./startup/startup_mkl46z4.o
 .debug_ranges  0x0000000000000150       0x18 ./source/3140_concur.o
 .debug_ranges  0x0000000000000168       0x28 ./source/lab4_l1.o
 .debug_ranges  0x0000000000000190       0x30 ./source/lock.o
 .debug_ranges  0x00000000000001c0       0x40 ./source/process.o
 .debug_ranges  0x0000000000000200       0x40 ./source/utils.o
 .debug_ranges  0x0000000000000240      0x168 ./drivers/fsl_i2c.o
 .debug_ranges  0x00000000000003a8      0x108 ./drivers/fsl_lpsci.o
 .debug_ranges  0x00000000000004b0      0x120 ./drivers/fsl_uart.o
 .debug_ranges  0x00000000000005d0       0x20 ./CMSIS/system_MKL46Z4.o

.debug_macro    0x0000000000000000      0x746
 .debug_macro   0x0000000000000000       0x29 ./startup/startup_mkl46z4.o
 .debug_macro   0x0000000000000029       0xa2 ./source/3140_concur.o
 .debug_macro   0x00000000000000cb       0xc0 ./source/lab4_l1.o
 .debug_macro   0x000000000000018b       0xb6 ./source/lock.o
 .debug_macro   0x0000000000000241       0xac ./source/process.o
 .debug_macro   0x00000000000002ed       0x8f ./source/utils.o
 .debug_macro   0x000000000000037c      0x107 ./drivers/fsl_i2c.o
 .debug_macro   0x0000000000000483       0x16 ./drivers/fsl_i2c.o
 .debug_macro   0x0000000000000499      0x108 ./drivers/fsl_lpsci.o
 .debug_macro   0x00000000000005a1      0x10e ./drivers/fsl_uart.o
 .debug_macro   0x00000000000006af       0x97 ./CMSIS/system_MKL46Z4.o

.debug_line     0x0000000000000000     0x453e
 .debug_line    0x0000000000000000      0x1ed ./startup/startup_mkl46z4.o
 .debug_line    0x00000000000001ed       0x92 ./source/3140.o
 .debug_line    0x000000000000027f      0x2bc ./source/3140_concur.o
 .debug_line    0x000000000000053b      0x329 ./source/lab4_l1.o
 .debug_line    0x0000000000000864      0x32a ./source/lock.o
 .debug_line    0x0000000000000b8e      0x3a8 ./source/process.o
 .debug_line    0x0000000000000f36      0x394 ./source/utils.o
 .debug_line    0x00000000000012ca     0x13a0 ./drivers/fsl_i2c.o
 .debug_line    0x000000000000266a      0xdb5 ./drivers/fsl_lpsci.o
 .debug_line    0x000000000000341f      0xdc0 ./drivers/fsl_uart.o
 .debug_line    0x00000000000041df      0x35f ./CMSIS/system_MKL46Z4.o

.debug_str      0x0000000000000000    0x4d53c
 .debug_str     0x0000000000000000     0x3089 ./startup/startup_mkl46z4.o
                                       0x30ae (size before relaxing)
 .debug_str     0x0000000000003089       0x1f ./source/3140.o
                                         0x4f (size before relaxing)
 .debug_str     0x00000000000030a8    0x3fe50 ./source/3140_concur.o
                                      0x42cc9 (size before relaxing)
 .debug_str     0x0000000000042ef8       0xaf ./source/lab4_l1.o
                                      0x42d2f (size before relaxing)
 .debug_str     0x0000000000042fa7       0xea ./source/lock.o
                                      0x42de5 (size before relaxing)
 .debug_str     0x0000000000043091      0x32a ./source/process.o
                                      0x430b6 (size before relaxing)
 .debug_str     0x00000000000433bb       0xdf ./source/utils.o
                                      0x42db0 (size before relaxing)
 .debug_str     0x000000000004349a     0x8b1b ./drivers/fsl_i2c.o
                                      0x4ba32 (size before relaxing)
 .debug_str     0x000000000004bfb5      0xb1b ./drivers/fsl_lpsci.o
                                      0x4b8b5 (size before relaxing)
 .debug_str     0x000000000004cad0      0x9e9 ./drivers/fsl_uart.o
                                      0x4b8d2 (size before relaxing)
 .debug_str     0x000000000004d4b9       0x83 ./CMSIS/system_MKL46Z4.o
                                      0x4970a (size before relaxing)

.comment        0x0000000000000000       0x49
 .comment       0x0000000000000000       0x49 ./startup/startup_mkl46z4.o
                                         0x4a (size before relaxing)
 .comment       0x0000000000000049       0x4a ./source/3140_concur.o
 .comment       0x0000000000000049       0x4a ./source/lab4_l1.o
 .comment       0x0000000000000049       0x4a ./source/lock.o
 .comment       0x0000000000000049       0x4a ./source/process.o
 .comment       0x0000000000000049       0x4a ./source/utils.o
 .comment       0x0000000000000049       0x4a ./drivers/fsl_i2c.o
 .comment       0x0000000000000049       0x4a ./drivers/fsl_lpsci.o
 .comment       0x0000000000000049       0x4a ./drivers/fsl_uart.o
 .comment       0x0000000000000049       0x4a ./CMSIS/system_MKL46Z4.o
 .comment       0x0000000000000049       0x4a /Applications/MCUXpressoIDE_11.5.0_7232/ide/plugins/com.nxp.mcuxpresso.tools.macosx_11.5.0.202107051138/tools/bin/../lib/gcc/arm-none-eabi/10.3.1/../../../../arm-none-eabi/lib/thumb/v6-m/nofp/libcr_semihost_nf.a(_cr__main.o)
 .comment       0x0000000000000049       0x4a /Applications/MCUXpressoIDE_11.5.0_7232/ide/plugins/com.nxp.mcuxpresso.tools.macosx_11.5.0.202107051138/tools/bin/../lib/gcc/arm-none-eabi/10.3.1/../../../../arm-none-eabi/lib/thumb/v6-m/nofp/libcr_semihost_nf.a(__ciob.o)
 .comment       0x0000000000000049       0x4a /Applications/MCUXpressoIDE_11.5.0_7232/ide/plugins/com.nxp.mcuxpresso.tools.macosx_11.5.0.202107051138/tools/bin/../lib/gcc/arm-none-eabi/10.3.1/../../../../arm-none-eabi/lib/thumb/v6-m/nofp/libcr_c.a(memset.o)
 .comment       0x0000000000000049       0x4a /Applications/MCUXpressoIDE_11.5.0_7232/ide/plugins/com.nxp.mcuxpresso.tools.macosx_11.5.0.202107051138/tools/bin/../lib/gcc/arm-none-eabi/10.3.1/../../../../arm-none-eabi/lib/thumb/v6-m/nofp/libcr_c.a(_deferredlazyseek.o)
 .comment       0x0000000000000049       0x4a /Applications/MCUXpressoIDE_11.5.0_7232/ide/plugins/com.nxp.mcuxpresso.tools.macosx_11.5.0.202107051138/tools/bin/../lib/gcc/arm-none-eabi/10.3.1/../../../../arm-none-eabi/lib/thumb/v6-m/nofp/libcr_c.a(_fflush.o)
 .comment       0x0000000000000049       0x4a /Applications/MCUXpressoIDE_11.5.0_7232/ide/plugins/com.nxp.mcuxpresso.tools.macosx_11.5.0.202107051138/tools/bin/../lib/gcc/arm-none-eabi/10.3.1/../../../../arm-none-eabi/lib/thumb/v6-m/nofp/libcr_c.a(_writebuf.o)
 .comment       0x0000000000000049       0x4a /Applications/MCUXpressoIDE_11.5.0_7232/ide/plugins/com.nxp.mcuxpresso.tools.macosx_11.5.0.202107051138/tools/bin/../lib/gcc/arm-none-eabi/10.3.1/../../../../arm-none-eabi/lib/thumb/v6-m/nofp/libcr_c.a(alloc.o)
 .comment       0x0000000000000049       0x4a /Applications/MCUXpressoIDE_11.5.0_7232/ide/plugins/com.nxp.mcuxpresso.tools.macosx_11.5.0.202107051138/tools/bin/../lib/gcc/arm-none-eabi/10.3.1/../../../../arm-none-eabi/lib/thumb/v6-m/nofp/libcr_c.a(fseek.o)
 .comment       0x0000000000000049       0x4a /Applications/MCUXpressoIDE_11.5.0_7232/ide/plugins/com.nxp.mcuxpresso.tools.macosx_11.5.0.202107051138/tools/bin/../lib/gcc/arm-none-eabi/10.3.1/../../../../arm-none-eabi/lib/thumb/v6-m/nofp/libcr_c.a(ftell.o)
 .comment       0x0000000000000049       0x4a /Applications/MCUXpressoIDE_11.5.0_7232/ide/plugins/com.nxp.mcuxpresso.tools.macosx_11.5.0.202107051138/tools/bin/../lib/gcc/arm-none-eabi/10.3.1/../../../../arm-none-eabi/lib/thumb/v6-m/nofp/libcr_c.a(initio.o)
 .comment       0x0000000000000049       0x4a /Applications/MCUXpressoIDE_11.5.0_7232/ide/plugins/com.nxp.mcuxpresso.tools.macosx_11.5.0.202107051138/tools/bin/../lib/gcc/arm-none-eabi/10.3.1/../../../../arm-none-eabi/lib/thumb/v6-m/nofp/libcr_c.a(setvbuf.o)
 .comment       0x0000000000000049       0x4a /Applications/MCUXpressoIDE_11.5.0_7232/ide/plugins/com.nxp.mcuxpresso.tools.macosx_11.5.0.202107051138/tools/bin/../lib/gcc/arm-none-eabi/10.3.1/../../../../arm-none-eabi/lib/thumb/v6-m/nofp/libcr_c.a(strlen.o)
 .comment       0x0000000000000049       0x4a /Applications/MCUXpressoIDE_11.5.0_7232/ide/plugins/com.nxp.mcuxpresso.tools.macosx_11.5.0.202107051138/tools/bin/../lib/gcc/arm-none-eabi/10.3.1/../../../../arm-none-eabi/lib/thumb/v6-m/nofp/libcr_c.a(__init_alloc.o)
 .comment       0x0000000000000049       0x4a /Applications/MCUXpressoIDE_11.5.0_7232/ide/plugins/com.nxp.mcuxpresso.tools.macosx_11.5.0.202107051138/tools/bin/../lib/gcc/arm-none-eabi/10.3.1/../../../../arm-none-eabi/lib/thumb/v6-m/nofp/libcr_c.a(_cr_sbrk.o)
 .comment       0x0000000000000049       0x4a /Applications/MCUXpressoIDE_11.5.0_7232/ide/plugins/com.nxp.mcuxpresso.tools.macosx_11.5.0.202107051138/tools/bin/../lib/gcc/arm-none-eabi/10.3.1/../../../../arm-none-eabi/lib/thumb/v6-m/nofp/libcr_c.a(_fdopen.o)
 .comment       0x0000000000000049       0x4a /Applications/MCUXpressoIDE_11.5.0_7232/ide/plugins/com.nxp.mcuxpresso.tools.macosx_11.5.0.202107051138/tools/bin/../lib/gcc/arm-none-eabi/10.3.1/../../../../arm-none-eabi/lib/thumb/v6-m/nofp/libcr_c.a(errno.o)
 .comment       0x0000000000000049       0x4a /Applications/MCUXpressoIDE_11.5.0_7232/ide/plugins/com.nxp.mcuxpresso.tools.macosx_11.5.0.202107051138/tools/bin/../lib/gcc/arm-none-eabi/10.3.1/../../../../arm-none-eabi/lib/thumb/v6-m/nofp/libcr_c.a(fclose.o)
 .comment       0x0000000000000049       0x4a /Applications/MCUXpressoIDE_11.5.0_7232/ide/plugins/com.nxp.mcuxpresso.tools.macosx_11.5.0.202107051138/tools/bin/../lib/gcc/arm-none-eabi/10.3.1/../../../../arm-none-eabi/lib/thumb/v6-m/nofp/libcr_c.a(fflush.o)
 .comment       0x0000000000000049       0x4a /Applications/MCUXpressoIDE_11.5.0_7232/ide/plugins/com.nxp.mcuxpresso.tools.macosx_11.5.0.202107051138/tools/bin/../lib/gcc/arm-none-eabi/10.3.1/../../../../arm-none-eabi/lib/thumb/v6-m/nofp/libcr_c.a(remove.o)
 .comment       0x0000000000000049       0x4a /Applications/MCUXpressoIDE_11.5.0_7232/ide/plugins/com.nxp.mcuxpresso.tools.macosx_11.5.0.202107051138/tools/bin/../lib/gcc/arm-none-eabi/10.3.1/../../../../arm-none-eabi/lib/thumb/v6-m/nofp/libcr_c.a(_cr_check_heap.o)
 .comment       0x0000000000000049       0x4a /Applications/MCUXpressoIDE_11.5.0_7232/ide/plugins/com.nxp.mcuxpresso.tools.macosx_11.5.0.202107051138/tools/bin/../lib/gcc/arm-none-eabi/10.3.1/../../../../arm-none-eabi/lib/thumb/v6-m/nofp/libcr_c.a(_do_fflush.o)

.ARM.attributes
                0x0000000000000000       0x2a
 .ARM.attributes
                0x0000000000000000       0x2c ./startup/startup_mkl46z4.o
 .ARM.attributes
                0x000000000000002c       0x1c ./source/3140.o
 .ARM.attributes
                0x0000000000000048       0x2c ./source/3140_concur.o
 .ARM.attributes
                0x0000000000000074       0x2c ./source/lab4_l1.o
 .ARM.attributes
                0x00000000000000a0       0x2c ./source/lock.o
 .ARM.attributes
                0x00000000000000cc       0x2c ./source/process.o
 .ARM.attributes
                0x00000000000000f8       0x2c ./source/utils.o
 .ARM.attributes
                0x0000000000000124       0x2c ./drivers/fsl_i2c.o
 .ARM.attributes
                0x0000000000000150       0x2c ./drivers/fsl_lpsci.o
 .ARM.attributes
                0x000000000000017c       0x2c ./drivers/fsl_uart.o
 .ARM.attributes
                0x00000000000001a8       0x2c ./CMSIS/system_MKL46Z4.o
 .ARM.attributes
                0x00000000000001d4       0x2c /Applications/MCUXpressoIDE_11.5.0_7232/ide/plugins/com.nxp.mcuxpresso.tools.macosx_11.5.0.202107051138/tools/bin/../lib/gcc/arm-none-eabi/10.3.1/../../../../arm-none-eabi/lib/thumb/v6-m/nofp/libcr_semihost_nf.a(_cr__main.o)
 .ARM.attributes
                0x0000000000000200       0x31 /Applications/MCUXpressoIDE_11.5.0_7232/ide/plugins/com.nxp.mcuxpresso.tools.macosx_11.5.0.202107051138/tools/bin/../lib/gcc/arm-none-eabi/10.3.1/../../../../arm-none-eabi/lib/thumb/v6-m/nofp/libcr_semihost_nf.a(__ciob.o)
 .ARM.attributes
                0x0000000000000231       0x2c /Applications/MCUXpressoIDE_11.5.0_7232/ide/plugins/com.nxp.mcuxpresso.tools.macosx_11.5.0.202107051138/tools/bin/../lib/gcc/arm-none-eabi/10.3.1/../../../../arm-none-eabi/lib/thumb/v6-m/nofp/libcr_c.a(memset.o)
 .ARM.attributes
                0x000000000000025d       0x2c /Applications/MCUXpressoIDE_11.5.0_7232/ide/plugins/com.nxp.mcuxpresso.tools.macosx_11.5.0.202107051138/tools/bin/../lib/gcc/arm-none-eabi/10.3.1/../../../../arm-none-eabi/lib/thumb/v6-m/nofp/libcr_c.a(_deferredlazyseek.o)
 .ARM.attributes
                0x0000000000000289       0x2c /Applications/MCUXpressoIDE_11.5.0_7232/ide/plugins/com.nxp.mcuxpresso.tools.macosx_11.5.0.202107051138/tools/bin/../lib/gcc/arm-none-eabi/10.3.1/../../../../arm-none-eabi/lib/thumb/v6-m/nofp/libcr_c.a(_fflush.o)
 .ARM.attributes
                0x00000000000002b5       0x2c /Applications/MCUXpressoIDE_11.5.0_7232/ide/plugins/com.nxp.mcuxpresso.tools.macosx_11.5.0.202107051138/tools/bin/../lib/gcc/arm-none-eabi/10.3.1/../../../../arm-none-eabi/lib/thumb/v6-m/nofp/libcr_c.a(_writebuf.o)
 .ARM.attributes
                0x00000000000002e1       0x2c /Applications/MCUXpressoIDE_11.5.0_7232/ide/plugins/com.nxp.mcuxpresso.tools.macosx_11.5.0.202107051138/tools/bin/../lib/gcc/arm-none-eabi/10.3.1/../../../../arm-none-eabi/lib/thumb/v6-m/nofp/libcr_c.a(alloc.o)
 .ARM.attributes
                0x000000000000030d       0x2c /Applications/MCUXpressoIDE_11.5.0_7232/ide/plugins/com.nxp.mcuxpresso.tools.macosx_11.5.0.202107051138/tools/bin/../lib/gcc/arm-none-eabi/10.3.1/../../../../arm-none-eabi/lib/thumb/v6-m/nofp/libcr_c.a(fseek.o)
 .ARM.attributes
                0x0000000000000339       0x2c /Applications/MCUXpressoIDE_11.5.0_7232/ide/plugins/com.nxp.mcuxpresso.tools.macosx_11.5.0.202107051138/tools/bin/../lib/gcc/arm-none-eabi/10.3.1/../../../../arm-none-eabi/lib/thumb/v6-m/nofp/libcr_c.a(ftell.o)
 .ARM.attributes
                0x0000000000000365       0x2c /Applications/MCUXpressoIDE_11.5.0_7232/ide/plugins/com.nxp.mcuxpresso.tools.macosx_11.5.0.202107051138/tools/bin/../lib/gcc/arm-none-eabi/10.3.1/../../../../arm-none-eabi/lib/thumb/v6-m/nofp/libcr_c.a(initio.o)
 .ARM.attributes
                0x0000000000000391       0x2c /Applications/MCUXpressoIDE_11.5.0_7232/ide/plugins/com.nxp.mcuxpresso.tools.macosx_11.5.0.202107051138/tools/bin/../lib/gcc/arm-none-eabi/10.3.1/../../../../arm-none-eabi/lib/thumb/v6-m/nofp/libcr_c.a(setvbuf.o)
 .ARM.attributes
                0x00000000000003bd       0x2c /Applications/MCUXpressoIDE_11.5.0_7232/ide/plugins/com.nxp.mcuxpresso.tools.macosx_11.5.0.202107051138/tools/bin/../lib/gcc/arm-none-eabi/10.3.1/../../../../arm-none-eabi/lib/thumb/v6-m/nofp/libcr_c.a(strlen.o)
 .ARM.attributes
                0x00000000000003e9       0x2c /Applications/MCUXpressoIDE_11.5.0_7232/ide/plugins/com.nxp.mcuxpresso.tools.macosx_11.5.0.202107051138/tools/bin/../lib/gcc/arm-none-eabi/10.3.1/../../../../arm-none-eabi/lib/thumb/v6-m/nofp/libcr_c.a(__init_alloc.o)
 .ARM.attributes
                0x0000000000000415       0x2c /Applications/MCUXpressoIDE_11.5.0_7232/ide/plugins/com.nxp.mcuxpresso.tools.macosx_11.5.0.202107051138/tools/bin/../lib/gcc/arm-none-eabi/10.3.1/../../../../arm-none-eabi/lib/thumb/v6-m/nofp/libcr_c.a(_cr_sbrk.o)
 .ARM.attributes
                0x0000000000000441       0x2c /Applications/MCUXpressoIDE_11.5.0_7232/ide/plugins/com.nxp.mcuxpresso.tools.macosx_11.5.0.202107051138/tools/bin/../lib/gcc/arm-none-eabi/10.3.1/../../../../arm-none-eabi/lib/thumb/v6-m/nofp/libcr_c.a(_fdopen.o)
 .ARM.attributes
                0x000000000000046d       0x31 /Applications/MCUXpressoIDE_11.5.0_7232/ide/plugins/com.nxp.mcuxpresso.tools.macosx_11.5.0.202107051138/tools/bin/../lib/gcc/arm-none-eabi/10.3.1/../../../../arm-none-eabi/lib/thumb/v6-m/nofp/libcr_c.a(errno.o)
 .ARM.attributes
                0x000000000000049e       0x2c /Applications/MCUXpressoIDE_11.5.0_7232/ide/plugins/com.nxp.mcuxpresso.tools.macosx_11.5.0.202107051138/tools/bin/../lib/gcc/arm-none-eabi/10.3.1/../../../../arm-none-eabi/lib/thumb/v6-m/nofp/libcr_c.a(fclose.o)
 .ARM.attributes
                0x00000000000004ca       0x2c /Applications/MCUXpressoIDE_11.5.0_7232/ide/plugins/com.nxp.mcuxpresso.tools.macosx_11.5.0.202107051138/tools/bin/../lib/gcc/arm-none-eabi/10.3.1/../../../../arm-none-eabi/lib/thumb/v6-m/nofp/libcr_c.a(fflush.o)
 .ARM.attributes
                0x00000000000004f6       0x2c /Applications/MCUXpressoIDE_11.5.0_7232/ide/plugins/com.nxp.mcuxpresso.tools.macosx_11.5.0.202107051138/tools/bin/../lib/gcc/arm-none-eabi/10.3.1/../../../../arm-none-eabi/lib/thumb/v6-m/nofp/libcr_c.a(remove.o)
 .ARM.attributes
                0x0000000000000522       0x2c /Applications/MCUXpressoIDE_11.5.0_7232/ide/plugins/com.nxp.mcuxpresso.tools.macosx_11.5.0.202107051138/tools/bin/../lib/gcc/arm-none-eabi/10.3.1/../../../../arm-none-eabi/lib/thumb/v6-m/nofp/libcr_c.a(_cr_check_heap.o)
 .ARM.attributes
                0x000000000000054e       0x2c /Applications/MCUXpressoIDE_11.5.0_7232/ide/plugins/com.nxp.mcuxpresso.tools.macosx_11.5.0.202107051138/tools/bin/../lib/gcc/arm-none-eabi/10.3.1/../../../../arm-none-eabi/lib/thumb/v6-m/nofp/libcr_c.a(_do_fflush.o)
 .ARM.attributes
                0x000000000000057a       0x1c /Applications/MCUXpressoIDE_11.5.0_7232/ide/plugins/com.nxp.mcuxpresso.tools.macosx_11.5.0.202107051138/tools/bin/../lib/gcc/arm-none-eabi/10.3.1/thumb/v6-m/nofp/libcr_eabihelpers.a(memcpy.o)
 .ARM.attributes
                0x0000000000000596       0x1c /Applications/MCUXpressoIDE_11.5.0_7232/ide/plugins/com.nxp.mcuxpresso.tools.macosx_11.5.0.202107051138/tools/bin/../lib/gcc/arm-none-eabi/10.3.1/../../../../arm-none-eabi/lib/thumb/v6-m/nofp/libcr_semihost_nf.a(__sys_close.o)
 .ARM.attributes
                0x00000000000005b2       0x1c /Applications/MCUXpressoIDE_11.5.0_7232/ide/plugins/com.nxp.mcuxpresso.tools.macosx_11.5.0.202107051138/tools/bin/../lib/gcc/arm-none-eabi/10.3.1/../../../../arm-none-eabi/lib/thumb/v6-m/nofp/libcr_semihost_nf.a(__sys_flen.o)
 .ARM.attributes
                0x00000000000005ce       0x1c /Applications/MCUXpressoIDE_11.5.0_7232/ide/plugins/com.nxp.mcuxpresso.tools.macosx_11.5.0.202107051138/tools/bin/../lib/gcc/arm-none-eabi/10.3.1/../../../../arm-none-eabi/lib/thumb/v6-m/nofp/libcr_semihost_nf.a(__sys_istty.o)
 .ARM.attributes
                0x00000000000005ea       0x1c /Applications/MCUXpressoIDE_11.5.0_7232/ide/plugins/com.nxp.mcuxpresso.tools.macosx_11.5.0.202107051138/tools/bin/../lib/gcc/arm-none-eabi/10.3.1/../../../../arm-none-eabi/lib/thumb/v6-m/nofp/libcr_semihost_nf.a(__sys_remove.o)
 .ARM.attributes
                0x0000000000000606       0x1c /Applications/MCUXpressoIDE_11.5.0_7232/ide/plugins/com.nxp.mcuxpresso.tools.macosx_11.5.0.202107051138/tools/bin/../lib/gcc/arm-none-eabi/10.3.1/../../../../arm-none-eabi/lib/thumb/v6-m/nofp/libcr_semihost_nf.a(__sys_seek.o)
 .ARM.attributes
                0x0000000000000622       0x1c /Applications/MCUXpressoIDE_11.5.0_7232/ide/plugins/com.nxp.mcuxpresso.tools.macosx_11.5.0.202107051138/tools/bin/../lib/gcc/arm-none-eabi/10.3.1/../../../../arm-none-eabi/lib/thumb/v6-m/nofp/libcr_semihost_nf.a(__sys_tmpnam.o)
 .ARM.attributes
                0x000000000000063e       0x1c /Applications/MCUXpressoIDE_11.5.0_7232/ide/plugins/com.nxp.mcuxpresso.tools.macosx_11.5.0.202107051138/tools/bin/../lib/gcc/arm-none-eabi/10.3.1/../../../../arm-none-eabi/lib/thumb/v6-m/nofp/libcr_semihost_nf.a(__sys_write.o)

.debug_frame    0x0000000000000000     0x1570
 .debug_frame   0x0000000000000000      0x3b0 ./startup/startup_mkl46z4.o
 .debug_frame   0x00000000000003b0       0x50 ./source/3140_concur.o
 .debug_frame   0x0000000000000400       0x84 ./source/lab4_l1.o
 .debug_frame   0x0000000000000484       0xb0 ./source/lock.o
 .debug_frame   0x0000000000000534       0xec ./source/process.o
 .debug_frame   0x0000000000000620       0xe4 ./source/utils.o
 .debug_frame   0x0000000000000704      0x58c ./drivers/fsl_i2c.o
 .debug_frame   0x0000000000000c90      0x414 ./drivers/fsl_lpsci.o
 .debug_frame   0x00000000000010a4      0x464 ./drivers/fsl_uart.o
 .debug_frame   0x0000000000001508       0x68 ./CMSIS/system_MKL46Z4.o

Cross Reference Table

Symbol                                            File
ADC0_DriverIRQHandler                             ./startup/startup_mkl46z4.o
ADC0_IRQHandler                                   ./startup/startup_mkl46z4.o
BOARD_InitBootClocks                              ./board/clock_config.o
BOARD_InitBootPeripherals                         ./board/peripherals.o
BOARD_InitBootPins                                ./board/pin_mux.o
BOARD_InitDebugConsole                            ./board/board.o
CLOCK_BootToBlpeMode                              ./drivers/fsl_clock.o
CLOCK_BootToBlpiMode                              ./drivers/fsl_clock.o
CLOCK_BootToFeeMode                               ./drivers/fsl_clock.o
CLOCK_BootToFeiMode                               ./drivers/fsl_clock.o
CLOCK_BootToPeeMode                               ./drivers/fsl_clock.o
CLOCK_CalcPllDiv                                  ./drivers/fsl_clock.o
CLOCK_ClearStatusFlags                            ./drivers/fsl_clock.o
CLOCK_DeinitOsc0                                  ./drivers/fsl_clock.o
CLOCK_EnablePll0                                  ./drivers/fsl_clock.o
CLOCK_EnableUsbfs0Clock                           ./drivers/fsl_clock.o
CLOCK_ExternalModeToFbeModeQuick                  ./drivers/fsl_clock.o
CLOCK_GetBusClkFreq                               ./drivers/fsl_clock.o
CLOCK_GetCoreSysClkFreq                           ./drivers/fsl_clock.o
CLOCK_GetEr32kClkFreq                             ./drivers/fsl_clock.o
CLOCK_GetFixedFreqClkFreq                         ./drivers/fsl_clock.o
CLOCK_GetFlashClkFreq                             ./drivers/fsl_clock.o
CLOCK_GetFllFreq                                  ./drivers/fsl_clock.o
CLOCK_GetFreq                                     ./drivers/fsl_clock.o
CLOCK_GetInternalRefClkFreq                       ./drivers/fsl_clock.o
CLOCK_GetMode                                     ./drivers/fsl_clock.o
CLOCK_GetOsc0ErClkFreq                            ./drivers/fsl_clock.o
CLOCK_GetOutClkFreq                               ./drivers/fsl_clock.o
CLOCK_GetPlatClkFreq                              ./drivers/fsl_clock.o
CLOCK_GetPll0Freq                                 ./drivers/fsl_clock.o
CLOCK_GetPllFllSelClkFreq                         ./drivers/fsl_clock.o
CLOCK_GetStatusFlags                              ./drivers/fsl_clock.o
CLOCK_InitOsc0                                    ./drivers/fsl_clock.o
CLOCK_InternalModeToFbiModeQuick                  ./drivers/fsl_clock.o
CLOCK_SetBlpeMode                                 ./drivers/fsl_clock.o
CLOCK_SetBlpiMode                                 ./drivers/fsl_clock.o
CLOCK_SetExternalRefClkConfig                     ./drivers/fsl_clock.o
CLOCK_SetFbeMode                                  ./drivers/fsl_clock.o
CLOCK_SetFbiMode                                  ./drivers/fsl_clock.o
CLOCK_SetFeeMode                                  ./drivers/fsl_clock.o
CLOCK_SetFeiMode                                  ./drivers/fsl_clock.o
CLOCK_SetInternalRefClkConfig                     ./drivers/fsl_clock.o
CLOCK_SetMcgConfig                                ./drivers/fsl_clock.o
CLOCK_SetOsc0MonitorMode                          ./drivers/fsl_clock.o
CLOCK_SetPbeMode                                  ./drivers/fsl_clock.o
CLOCK_SetPeeMode                                  ./drivers/fsl_clock.o
CLOCK_SetPll0MonitorMode                          ./drivers/fsl_clock.o
CLOCK_SetSimConfig                                ./drivers/fsl_clock.o
CLOCK_TrimInternalRefClk                          ./drivers/fsl_clock.o
CMP0_DriverIRQHandler                             ./startup/startup_mkl46z4.o
CMP0_IRQHandler                                   ./startup/startup_mkl46z4.o
DAC0_DriverIRQHandler                             ./startup/startup_mkl46z4.o
DAC0_IRQHandler                                   ./startup/startup_mkl46z4.o
DMA0_DriverIRQHandler                             ./startup/startup_mkl46z4.o
DMA0_IRQHandler                                   ./startup/startup_mkl46z4.o
DMA1_DriverIRQHandler                             ./startup/startup_mkl46z4.o
DMA1_IRQHandler                                   ./startup/startup_mkl46z4.o
DMA2_DriverIRQHandler                             ./startup/startup_mkl46z4.o
DMA2_IRQHandler                                   ./startup/startup_mkl46z4.o
DMA3_DriverIRQHandler                             ./startup/startup_mkl46z4.o
DMA3_IRQHandler                                   ./startup/startup_mkl46z4.o
DbgConsole_Deinit                                 ./utilities/fsl_debug_console.o
DbgConsole_Flush                                  ./utilities/fsl_debug_console.o
DbgConsole_Init                                   ./utilities/fsl_debug_console.o
FGPIO_PinInit                                     ./drivers/fsl_gpio.o
FGPIO_PortClearInterruptFlags                     ./drivers/fsl_gpio.o
FGPIO_PortGetInterruptFlags                       ./drivers/fsl_gpio.o
FLASH_Erase                                       ./drivers/fsl_ftfx_flash.o
FLASH_EraseAll                                    ./drivers/fsl_ftfx_flash.o
FLASH_GetProperty                                 ./drivers/fsl_ftfx_flash.o
FLASH_GetSecurityState                            ./drivers/fsl_ftfx_flash.o
FLASH_Init                                        ./drivers/fsl_ftfx_flash.o
FLASH_IsExecuteOnly                               ./drivers/fsl_ftfx_flash.o
FLASH_IsProtected                                 ./drivers/fsl_ftfx_flash.o
FLASH_PflashGetProtection                         ./drivers/fsl_ftfx_flash.o
FLASH_PflashSetProtection                         ./drivers/fsl_ftfx_flash.o
FLASH_Program                                     ./drivers/fsl_ftfx_flash.o
FLASH_ReadResource                                ./drivers/fsl_ftfx_flash.o
FLASH_SecurityBypass                              ./drivers/fsl_ftfx_flash.o
FLASH_VerifyErase                                 ./drivers/fsl_ftfx_flash.o
FLASH_VerifyEraseAll                              ./drivers/fsl_ftfx_flash.o
FLASH_VerifyProgram                               ./drivers/fsl_ftfx_flash.o
FTFA_DriverIRQHandler                             ./startup/startup_mkl46z4.o
FTFA_IRQHandler                                   ./startup/startup_mkl46z4.o
FTFx_API_Init                                     ./drivers/fsl_ftfx_controller.o
                                                  ./drivers/fsl_ftfx_flash.o
FTFx_CACHE_ClearCachePrefetchSpeculation          ./drivers/fsl_ftfx_cache.o
FTFx_CACHE_Init                                   ./drivers/fsl_ftfx_cache.o
FTFx_CACHE_PflashGetPrefetchSpeculation           ./drivers/fsl_ftfx_cache.o
FTFx_CACHE_PflashSetPrefetchSpeculation           ./drivers/fsl_ftfx_cache.o
                                                  ./drivers/fsl_smc.o
FTFx_CMD_Erase                                    ./drivers/fsl_ftfx_controller.o
                                                  ./drivers/fsl_ftfx_flash.o
FTFx_CMD_EraseAll                                 ./drivers/fsl_ftfx_controller.o
                                                  ./drivers/fsl_ftfx_flash.o
FTFx_CMD_EraseAllExecuteOnlySegments              ./drivers/fsl_ftfx_controller.o
FTFx_CMD_Program                                  ./drivers/fsl_ftfx_controller.o
                                                  ./drivers/fsl_ftfx_flash.o
FTFx_CMD_ProgramOnce                              ./drivers/fsl_ftfx_controller.o
FTFx_CMD_ReadOnce                                 ./drivers/fsl_ftfx_controller.o
FTFx_CMD_ReadResource                             ./drivers/fsl_ftfx_controller.o
                                                  ./drivers/fsl_ftfx_flash.o
FTFx_CMD_SecurityBypass                           ./drivers/fsl_ftfx_controller.o
                                                  ./drivers/fsl_ftfx_flash.o
FTFx_CMD_VerifyErase                              ./drivers/fsl_ftfx_controller.o
                                                  ./drivers/fsl_ftfx_flash.o
FTFx_CMD_VerifyEraseAll                           ./drivers/fsl_ftfx_controller.o
                                                  ./drivers/fsl_ftfx_flash.o
FTFx_CMD_VerifyEraseAllExecuteOnlySegments        ./drivers/fsl_ftfx_controller.o
FTFx_CMD_VerifyProgram                            ./drivers/fsl_ftfx_controller.o
                                                  ./drivers/fsl_ftfx_flash.o
FTFx_REG_GetSecurityState                         ./drivers/fsl_ftfx_controller.o
                                                  ./drivers/fsl_ftfx_flash.o
Flash_Config                                      ./startup/startup_mkl46z4.o
GPIO_PinInit                                      ./drivers/fsl_gpio.o
GPIO_PortClearInterruptFlags                      ./drivers/fsl_gpio.o
GPIO_PortGetInterruptFlags                        ./drivers/fsl_gpio.o
HardFault_Handler                                 ./startup/startup_mkl46z4.o
I2C0_DriverIRQHandler                             ./drivers/fsl_i2c.o
                                                  ./startup/startup_mkl46z4.o
I2C0_IRQHandler                                   ./startup/startup_mkl46z4.o
I2C1_DriverIRQHandler                             ./drivers/fsl_i2c.o
                                                  ./startup/startup_mkl46z4.o
I2C1_IRQHandler                                   ./startup/startup_mkl46z4.o
I2C_DisableInterrupts                             ./drivers/fsl_i2c.o
I2C_EnableInterrupts                              ./drivers/fsl_i2c.o
I2C_GetInstance                                   ./drivers/fsl_i2c.o
I2C_MasterDeinit                                  ./drivers/fsl_i2c.o
I2C_MasterGetDefaultConfig                        ./drivers/fsl_i2c.o
I2C_MasterGetStatusFlags                          ./drivers/fsl_i2c.o
I2C_MasterInit                                    ./drivers/fsl_i2c.o
I2C_MasterReadBlocking                            ./drivers/fsl_i2c.o
I2C_MasterRepeatedStart                           ./drivers/fsl_i2c.o
I2C_MasterSetBaudRate                             ./drivers/fsl_i2c.o
I2C_MasterStart                                   ./drivers/fsl_i2c.o
I2C_MasterStop                                    ./drivers/fsl_i2c.o
I2C_MasterTransferAbort                           ./drivers/fsl_i2c.o
I2C_MasterTransferBlocking                        ./drivers/fsl_i2c.o
I2C_MasterTransferCreateHandle                    ./drivers/fsl_i2c.o
I2C_MasterTransferGetCount                        ./drivers/fsl_i2c.o
I2C_MasterTransferHandleIRQ                       ./drivers/fsl_i2c.o
I2C_MasterTransferNonBlocking                     ./drivers/fsl_i2c.o
I2C_MasterWriteBlocking                           ./drivers/fsl_i2c.o
I2C_SlaveDeinit                                   ./drivers/fsl_i2c.o
I2C_SlaveGetDefaultConfig                         ./drivers/fsl_i2c.o
I2C_SlaveInit                                     ./drivers/fsl_i2c.o
I2C_SlaveReadBlocking                             ./drivers/fsl_i2c.o
I2C_SlaveTransferAbort                            ./drivers/fsl_i2c.o
I2C_SlaveTransferCreateHandle                     ./drivers/fsl_i2c.o
I2C_SlaveTransferGetCount                         ./drivers/fsl_i2c.o
I2C_SlaveTransferHandleIRQ                        ./drivers/fsl_i2c.o
I2C_SlaveTransferNonBlocking                      ./drivers/fsl_i2c.o
I2C_SlaveWriteBlocking                            ./drivers/fsl_i2c.o
I2S0_DriverIRQHandler                             ./startup/startup_mkl46z4.o
I2S0_IRQHandler                                   ./startup/startup_mkl46z4.o
IO_Deinit                                         ./utilities/fsl_io.o
                                                  ./utilities/fsl_log.o
IO_Init                                           ./utilities/fsl_io.o
                                                  ./utilities/fsl_log.o
IO_Transfer                                       ./utilities/fsl_io.o
                                                  ./utilities/fsl_log.o
IO_WaitIdle                                       ./utilities/fsl_io.o
                                                  ./utilities/fsl_log.o
IntDefaultHandler                                 ./startup/startup_mkl46z4.o
LCD_DriverIRQHandler                              ./startup/startup_mkl46z4.o
LCD_IRQHandler                                    ./startup/startup_mkl46z4.o
LEDGreen_On                                       ./source/utils.o
                                                  ./source/lab4_l1.o
LEDGreen_Toggle                                   ./source/utils.o
                                                  ./source/lab4_l1.o
LEDRed_On                                         ./source/utils.o
LEDRed_Toggle                                     ./source/utils.o
                                                  ./source/lab4_l1.o
LED_Initialize                                    ./source/utils.o
                                                  ./source/lab4_l1.o
LED_Off                                           ./source/utils.o
LLWU_DriverIRQHandler                             ./startup/startup_mkl46z4.o
LLWU_IRQHandler                                   ./startup/startup_mkl46z4.o
LOG_Deinit                                        ./utilities/fsl_log.o
                                                  ./utilities/fsl_debug_console.o
LOG_Init                                          ./utilities/fsl_log.o
                                                  ./utilities/fsl_debug_console.o
LOG_Pop                                           ./utilities/fsl_log.o
LOG_Push                                          ./utilities/fsl_log.o
LOG_ReadCharacter                                 ./utilities/fsl_log.o
LOG_ReadLine                                      ./utilities/fsl_log.o
LOG_WaitIdle                                      ./utilities/fsl_log.o
                                                  ./utilities/fsl_debug_console.o
LPSCI_ClearStatusFlags                            ./drivers/fsl_lpsci.o
LPSCI_Deinit                                      ./drivers/fsl_lpsci.o
                                                  ./utilities/fsl_io.o
LPSCI_DisableInterrupts                           ./drivers/fsl_lpsci.o
LPSCI_EnableInterrupts                            ./drivers/fsl_lpsci.o
LPSCI_GetDefaultConfig                            ./drivers/fsl_lpsci.o
                                                  ./utilities/fsl_io.o
LPSCI_GetEnabledInterrupts                        ./drivers/fsl_lpsci.o
LPSCI_GetInstance                                 ./drivers/fsl_lpsci.o
LPSCI_GetStatusFlags                              ./drivers/fsl_lpsci.o
                                                  ./utilities/fsl_io.o
LPSCI_Init                                        ./drivers/fsl_lpsci.o
                                                  ./utilities/fsl_io.o
LPSCI_ReadBlocking                                ./drivers/fsl_lpsci.o
                                                  ./utilities/fsl_io.o
LPSCI_SetBaudRate                                 ./drivers/fsl_lpsci.o
LPSCI_TransferAbortReceive                        ./drivers/fsl_lpsci.o
LPSCI_TransferAbortSend                           ./drivers/fsl_lpsci.o
LPSCI_TransferCreateHandle                        ./drivers/fsl_lpsci.o
LPSCI_TransferGetReceiveCount                     ./drivers/fsl_lpsci.o
LPSCI_TransferGetRxRingBufferLength               ./drivers/fsl_lpsci.o
LPSCI_TransferGetSendCount                        ./drivers/fsl_lpsci.o
LPSCI_TransferHandleErrorIRQ                      ./drivers/fsl_lpsci.o
LPSCI_TransferHandleIRQ                           ./drivers/fsl_lpsci.o
LPSCI_TransferReceiveNonBlocking                  ./drivers/fsl_lpsci.o
LPSCI_TransferSendNonBlocking                     ./drivers/fsl_lpsci.o
LPSCI_TransferStartRingBuffer                     ./drivers/fsl_lpsci.o
LPSCI_TransferStopRingBuffer                      ./drivers/fsl_lpsci.o
LPSCI_WriteBlocking                               ./drivers/fsl_lpsci.o
                                                  ./utilities/fsl_io.o
LPTMR0_DriverIRQHandler                           ./startup/startup_mkl46z4.o
LPTMR0_IRQHandler                                 ./startup/startup_mkl46z4.o
LVD_LVW_DriverIRQHandler                          ./startup/startup_mkl46z4.o
LVD_LVW_IRQHandler                                ./startup/startup_mkl46z4.o
MCG_DriverIRQHandler                              ./startup/startup_mkl46z4.o
MCG_IRQHandler                                    ./startup/startup_mkl46z4.o
NMI_Handler                                       ./startup/startup_mkl46z4.o
PIT_DriverIRQHandler                              ./startup/startup_mkl46z4.o
PIT_IRQHandler                                    ./source/3140.o
                                                  ./startup/startup_mkl46z4.o
PORTA_DriverIRQHandler                            ./startup/startup_mkl46z4.o
PORTA_IRQHandler                                  ./startup/startup_mkl46z4.o
PORTC_PORTD_DriverIRQHandler                      ./startup/startup_mkl46z4.o
PORTC_PORTD_IRQHandler                            ./startup/startup_mkl46z4.o
PendSV_Handler                                    ./startup/startup_mkl46z4.o
RTC_DriverIRQHandler                              ./startup/startup_mkl46z4.o
RTC_IRQHandler                                    ./startup/startup_mkl46z4.o
RTC_Seconds_DriverIRQHandler                      ./startup/startup_mkl46z4.o
RTC_Seconds_IRQHandler                            ./startup/startup_mkl46z4.o
Reserved20_DriverIRQHandler                       ./startup/startup_mkl46z4.o
Reserved20_IRQHandler                             ./startup/startup_mkl46z4.o
ResetISR                                          ./startup/startup_mkl46z4.o
SDK_Free                                          ./drivers/fsl_common.o
SDK_Malloc                                        ./drivers/fsl_common.o
SMC_PostExitStopModes                             ./drivers/fsl_smc.o
SMC_PostExitWaitModes                             ./drivers/fsl_smc.o
SMC_PreEnterStopModes                             ./drivers/fsl_smc.o
SMC_PreEnterWaitModes                             ./drivers/fsl_smc.o
SMC_SetPowerModeLls                               ./drivers/fsl_smc.o
SMC_SetPowerModeRun                               ./drivers/fsl_smc.o
SMC_SetPowerModeStop                              ./drivers/fsl_smc.o
SMC_SetPowerModeVlls                              ./drivers/fsl_smc.o
SMC_SetPowerModeVlpr                              ./drivers/fsl_smc.o
SMC_SetPowerModeVlps                              ./drivers/fsl_smc.o
SMC_SetPowerModeVlpw                              ./drivers/fsl_smc.o
SMC_SetPowerModeWait                              ./drivers/fsl_smc.o
SPI0_DriverIRQHandler                             ./startup/startup_mkl46z4.o
SPI0_IRQHandler                                   ./startup/startup_mkl46z4.o
SPI1_DriverIRQHandler                             ./startup/startup_mkl46z4.o
SPI1_IRQHandler                                   ./startup/startup_mkl46z4.o
SVC_Handler                                       ./source/3140.o
                                                  ./startup/startup_mkl46z4.o
StrFormatPrintf                                   ./utilities/fsl_str.o
StrFormatScanf                                    ./utilities/fsl_str.o
SysTick_Handler                                   ./startup/startup_mkl46z4.o
SystemCoreClock                                   ./CMSIS/system_MKL46Z4.o
SystemCoreClockUpdate                             ./CMSIS/system_MKL46Z4.o
                                                  ./board/clock_config.o
SystemInit                                        ./CMSIS/system_MKL46Z4.o
                                                  ./startup/startup_mkl46z4.o
SystemInitHook                                    ./CMSIS/system_MKL46Z4.o
TPM0_DriverIRQHandler                             ./startup/startup_mkl46z4.o
TPM0_IRQHandler                                   ./startup/startup_mkl46z4.o
TPM1_DriverIRQHandler                             ./startup/startup_mkl46z4.o
TPM1_IRQHandler                                   ./startup/startup_mkl46z4.o
TPM2_DriverIRQHandler                             ./startup/startup_mkl46z4.o
TPM2_IRQHandler                                   ./startup/startup_mkl46z4.o
TSI0_DriverIRQHandler                             ./startup/startup_mkl46z4.o
TSI0_IRQHandler                                   ./startup/startup_mkl46z4.o
UART0_DriverIRQHandler                            ./drivers/fsl_lpsci.o
                                                  ./startup/startup_mkl46z4.o
UART0_IRQHandler                                  ./startup/startup_mkl46z4.o
UART1_DriverIRQHandler                            ./drivers/fsl_uart.o
                                                  ./startup/startup_mkl46z4.o
UART1_IRQHandler                                  ./startup/startup_mkl46z4.o
UART1_RX_TX_DriverIRQHandler                      ./drivers/fsl_uart.o
UART2_DriverIRQHandler                            ./drivers/fsl_uart.o
                                                  ./startup/startup_mkl46z4.o
UART2_IRQHandler                                  ./startup/startup_mkl46z4.o
UART2_RX_TX_DriverIRQHandler                      ./drivers/fsl_uart.o
UART_ClearStatusFlags                             ./drivers/fsl_uart.o
UART_Deinit                                       ./drivers/fsl_uart.o
                                                  ./utilities/fsl_io.o
UART_DisableInterrupts                            ./drivers/fsl_uart.o
UART_EnableInterrupts                             ./drivers/fsl_uart.o
UART_GetDefaultConfig                             ./drivers/fsl_uart.o
                                                  ./utilities/fsl_io.o
UART_GetEnabledInterrupts                         ./drivers/fsl_uart.o
UART_GetInstance                                  ./drivers/fsl_uart.o
UART_GetStatusFlags                               ./drivers/fsl_uart.o
                                                  ./utilities/fsl_io.o
UART_Init                                         ./drivers/fsl_uart.o
                                                  ./utilities/fsl_io.o
UART_ReadBlocking                                 ./drivers/fsl_uart.o
                                                  ./utilities/fsl_io.o
UART_SetBaudRate                                  ./drivers/fsl_uart.o
UART_TransferAbortReceive                         ./drivers/fsl_uart.o
UART_TransferAbortSend                            ./drivers/fsl_uart.o
UART_TransferCreateHandle                         ./drivers/fsl_uart.o
UART_TransferGetReceiveCount                      ./drivers/fsl_uart.o
UART_TransferGetRxRingBufferLength                ./drivers/fsl_uart.o
UART_TransferGetSendCount                         ./drivers/fsl_uart.o
UART_TransferHandleErrorIRQ                       ./drivers/fsl_uart.o
UART_TransferHandleIRQ                            ./drivers/fsl_uart.o
UART_TransferReceiveNonBlocking                   ./drivers/fsl_uart.o
UART_TransferSendNonBlocking                      ./drivers/fsl_uart.o
UART_TransferStartRingBuffer                      ./drivers/fsl_uart.o
UART_TransferStopRingBuffer                       ./drivers/fsl_uart.o
UART_WriteBlocking                                ./drivers/fsl_uart.o
                                                  ./utilities/fsl_io.o
USB0_DriverIRQHandler                             ./startup/startup_mkl46z4.o
USB0_IRQHandler                                   ./startup/startup_mkl46z4.o
_Csys_alloc                                       /Applications/MCUXpressoIDE_11.5.0_7232/ide/plugins/com.nxp.mcuxpresso.tools.macosx_11.5.0.202107051138/tools/bin/../lib/gcc/arm-none-eabi/10.3.1/../../../../arm-none-eabi/lib/thumb/v6-m/nofp/libcr_c.a(alloc.o)
                                                  /Applications/MCUXpressoIDE_11.5.0_7232/ide/plugins/com.nxp.mcuxpresso.tools.macosx_11.5.0.202107051138/tools/bin/../lib/gcc/arm-none-eabi/10.3.1/../../../../arm-none-eabi/lib/thumb/v6-m/nofp/libcr_c.a(_deferredlazyseek.o)
_Cwritebuf                                        /Applications/MCUXpressoIDE_11.5.0_7232/ide/plugins/com.nxp.mcuxpresso.tools.macosx_11.5.0.202107051138/tools/bin/../lib/gcc/arm-none-eabi/10.3.1/../../../../arm-none-eabi/lib/thumb/v6-m/nofp/libcr_c.a(_writebuf.o)
                                                  /Applications/MCUXpressoIDE_11.5.0_7232/ide/plugins/com.nxp.mcuxpresso.tools.macosx_11.5.0.202107051138/tools/bin/../lib/gcc/arm-none-eabi/10.3.1/../../../../arm-none-eabi/lib/thumb/v6-m/nofp/libcr_c.a(_fflush.o)
                                                  /Applications/MCUXpressoIDE_11.5.0_7232/ide/plugins/com.nxp.mcuxpresso.tools.macosx_11.5.0.202107051138/tools/bin/../lib/gcc/arm-none-eabi/10.3.1/../../../../arm-none-eabi/lib/thumb/v6-m/nofp/libcr_c.a(_deferredlazyseek.o)
__CR_SEMIHOST                                     /Applications/MCUXpressoIDE_11.5.0_7232/ide/plugins/com.nxp.mcuxpresso.tools.macosx_11.5.0.202107051138/tools/bin/../lib/gcc/arm-none-eabi/10.3.1/../../../../arm-none-eabi/lib/thumb/v6-m/nofp/libcr_semihost_nf.a(_cr__main.o)
__Ciob                                            /Applications/MCUXpressoIDE_11.5.0_7232/ide/plugins/com.nxp.mcuxpresso.tools.macosx_11.5.0.202107051138/tools/bin/../lib/gcc/arm-none-eabi/10.3.1/../../../../arm-none-eabi/lib/thumb/v6-m/nofp/libcr_semihost_nf.a(__ciob.o)
                                                  /Applications/MCUXpressoIDE_11.5.0_7232/ide/plugins/com.nxp.mcuxpresso.tools.macosx_11.5.0.202107051138/tools/bin/../lib/gcc/arm-none-eabi/10.3.1/../../../../arm-none-eabi/lib/thumb/v6-m/nofp/libcr_c.a(fflush.o)
                                                  /Applications/MCUXpressoIDE_11.5.0_7232/ide/plugins/com.nxp.mcuxpresso.tools.macosx_11.5.0.202107051138/tools/bin/../lib/gcc/arm-none-eabi/10.3.1/../../../../arm-none-eabi/lib/thumb/v6-m/nofp/libcr_c.a(initio.o)
                                                  /Applications/MCUXpressoIDE_11.5.0_7232/ide/plugins/com.nxp.mcuxpresso.tools.macosx_11.5.0.202107051138/tools/bin/../lib/gcc/arm-none-eabi/10.3.1/../../../../arm-none-eabi/lib/thumb/v6-m/nofp/libcr_semihost_nf.a(_cr_assert.o)
__Vectors                                         ./startup/startup_mkl46z4.o
__aeabi_idiv                                      /Applications/MCUXpressoIDE_11.5.0_7232/ide/plugins/com.nxp.mcuxpresso.tools.macosx_11.5.0.202107051138/tools/bin/../lib/gcc/arm-none-eabi/10.3.1/thumb/v6-m/nofp/libcr_eabihelpers.a(division_32.o)
                                                  ./utilities/fsl_str.o
__aeabi_idiv0                                     /Applications/MCUXpressoIDE_11.5.0_7232/ide/plugins/com.nxp.mcuxpresso.tools.macosx_11.5.0.202107051138/tools/bin/../lib/gcc/arm-none-eabi/10.3.1/thumb/v6-m/nofp/libcr_eabihelpers.a(division_idiv0.o)
                                                  /Applications/MCUXpressoIDE_11.5.0_7232/ide/plugins/com.nxp.mcuxpresso.tools.macosx_11.5.0.202107051138/tools/bin/../lib/gcc/arm-none-eabi/10.3.1/thumb/v6-m/nofp/libcr_eabihelpers.a(division_32.o)
__aeabi_idivmod                                   /Applications/MCUXpressoIDE_11.5.0_7232/ide/plugins/com.nxp.mcuxpresso.tools.macosx_11.5.0.202107051138/tools/bin/../lib/gcc/arm-none-eabi/10.3.1/thumb/v6-m/nofp/libcr_eabihelpers.a(division_32.o)
__aeabi_lowlevel_memset                           /Applications/MCUXpressoIDE_11.5.0_7232/ide/plugins/com.nxp.mcuxpresso.tools.macosx_11.5.0.202107051138/tools/bin/../lib/gcc/arm-none-eabi/10.3.1/thumb/v6-m/nofp/libcr_eabihelpers.a(memcpy.o)
                                                  /Applications/MCUXpressoIDE_11.5.0_7232/ide/plugins/com.nxp.mcuxpresso.tools.macosx_11.5.0.202107051138/tools/bin/../lib/gcc/arm-none-eabi/10.3.1/../../../../arm-none-eabi/lib/thumb/v6-m/nofp/libcr_c.a(memset.o)
__aeabi_memclr                                    /Applications/MCUXpressoIDE_11.5.0_7232/ide/plugins/com.nxp.mcuxpresso.tools.macosx_11.5.0.202107051138/tools/bin/../lib/gcc/arm-none-eabi/10.3.1/thumb/v6-m/nofp/libcr_eabihelpers.a(memcpy.o)
__aeabi_memclr4                                   /Applications/MCUXpressoIDE_11.5.0_7232/ide/plugins/com.nxp.mcuxpresso.tools.macosx_11.5.0.202107051138/tools/bin/../lib/gcc/arm-none-eabi/10.3.1/thumb/v6-m/nofp/libcr_eabihelpers.a(memcpy.o)
__aeabi_memclr8                                   /Applications/MCUXpressoIDE_11.5.0_7232/ide/plugins/com.nxp.mcuxpresso.tools.macosx_11.5.0.202107051138/tools/bin/../lib/gcc/arm-none-eabi/10.3.1/thumb/v6-m/nofp/libcr_eabihelpers.a(memcpy.o)
__aeabi_memcpy                                    /Applications/MCUXpressoIDE_11.5.0_7232/ide/plugins/com.nxp.mcuxpresso.tools.macosx_11.5.0.202107051138/tools/bin/../lib/gcc/arm-none-eabi/10.3.1/thumb/v6-m/nofp/libcr_eabihelpers.a(memcpy.o)
                                                  /Applications/MCUXpressoIDE_11.5.0_7232/ide/plugins/com.nxp.mcuxpresso.tools.macosx_11.5.0.202107051138/tools/bin/../lib/gcc/arm-none-eabi/10.3.1/../../../../arm-none-eabi/lib/thumb/v6-m/nofp/libcr_c.a(memcpy.o)
__aeabi_memcpy4                                   /Applications/MCUXpressoIDE_11.5.0_7232/ide/plugins/com.nxp.mcuxpresso.tools.macosx_11.5.0.202107051138/tools/bin/../lib/gcc/arm-none-eabi/10.3.1/thumb/v6-m/nofp/libcr_eabihelpers.a(memcpy.o)
__aeabi_memcpy8                                   /Applications/MCUXpressoIDE_11.5.0_7232/ide/plugins/com.nxp.mcuxpresso.tools.macosx_11.5.0.202107051138/tools/bin/../lib/gcc/arm-none-eabi/10.3.1/thumb/v6-m/nofp/libcr_eabihelpers.a(memcpy.o)
__aeabi_memmove                                   /Applications/MCUXpressoIDE_11.5.0_7232/ide/plugins/com.nxp.mcuxpresso.tools.macosx_11.5.0.202107051138/tools/bin/../lib/gcc/arm-none-eabi/10.3.1/thumb/v6-m/nofp/libcr_eabihelpers.a(memcpy.o)
__aeabi_memmove4                                  /Applications/MCUXpressoIDE_11.5.0_7232/ide/plugins/com.nxp.mcuxpresso.tools.macosx_11.5.0.202107051138/tools/bin/../lib/gcc/arm-none-eabi/10.3.1/thumb/v6-m/nofp/libcr_eabihelpers.a(memcpy.o)
__aeabi_memmove8                                  /Applications/MCUXpressoIDE_11.5.0_7232/ide/plugins/com.nxp.mcuxpresso.tools.macosx_11.5.0.202107051138/tools/bin/../lib/gcc/arm-none-eabi/10.3.1/thumb/v6-m/nofp/libcr_eabihelpers.a(memcpy.o)
__aeabi_memset                                    /Applications/MCUXpressoIDE_11.5.0_7232/ide/plugins/com.nxp.mcuxpresso.tools.macosx_11.5.0.202107051138/tools/bin/../lib/gcc/arm-none-eabi/10.3.1/thumb/v6-m/nofp/libcr_eabihelpers.a(memcpy.o)
__aeabi_memset4                                   /Applications/MCUXpressoIDE_11.5.0_7232/ide/plugins/com.nxp.mcuxpresso.tools.macosx_11.5.0.202107051138/tools/bin/../lib/gcc/arm-none-eabi/10.3.1/thumb/v6-m/nofp/libcr_eabihelpers.a(memcpy.o)
__aeabi_memset8                                   /Applications/MCUXpressoIDE_11.5.0_7232/ide/plugins/com.nxp.mcuxpresso.tools.macosx_11.5.0.202107051138/tools/bin/../lib/gcc/arm-none-eabi/10.3.1/thumb/v6-m/nofp/libcr_eabihelpers.a(memcpy.o)
__aeabi_uidiv                                     /Applications/MCUXpressoIDE_11.5.0_7232/ide/plugins/com.nxp.mcuxpresso.tools.macosx_11.5.0.202107051138/tools/bin/../lib/gcc/arm-none-eabi/10.3.1/thumb/v6-m/nofp/libcr_eabihelpers.a(division_32.o)
                                                  ./CMSIS/system_MKL46Z4.o
                                                  ./drivers/fsl_uart.o
                                                  ./drivers/fsl_lpsci.o
                                                  ./drivers/fsl_i2c.o
                                                  ./drivers/fsl_ftfx_flash.o
                                                  ./drivers/fsl_ftfx_controller.o
                                                  ./drivers/fsl_clock.o
                                                  ./utilities/fsl_str.o
__aeabi_uidivmod                                  /Applications/MCUXpressoIDE_11.5.0_7232/ide/plugins/com.nxp.mcuxpresso.tools.macosx_11.5.0.202107051138/tools/bin/../lib/gcc/arm-none-eabi/10.3.1/thumb/v6-m/nofp/libcr_eabihelpers.a(division_32.o)
                                                  ./drivers/fsl_ftfx_controller.o
__assertion_failed                                /Applications/MCUXpressoIDE_11.5.0_7232/ide/plugins/com.nxp.mcuxpresso.tools.macosx_11.5.0.202107051138/tools/bin/../lib/gcc/arm-none-eabi/10.3.1/../../../../arm-none-eabi/lib/thumb/v6-m/nofp/libcr_semihost_nf.a(_cr_assert.o)
                                                  ./drivers/fsl_uart.o
                                                  ./drivers/fsl_lpsci.o
                                                  ./drivers/fsl_i2c.o
                                                  ./drivers/fsl_gpio.o
                                                  ./drivers/fsl_clock.o
                                                  ./utilities/fsl_log.o
                                                  ./utilities/fsl_io.o
                                                  ./utilities/fsl_debug_console.o
__bss_section_table_end                           ./startup/startup_mkl46z4.o
__check_heap_overflow                             /Applications/MCUXpressoIDE_11.5.0_7232/ide/plugins/com.nxp.mcuxpresso.tools.macosx_11.5.0.202107051138/tools/bin/../lib/gcc/arm-none-eabi/10.3.1/../../../../arm-none-eabi/lib/thumb/v6-m/nofp/libcr_c.a(_cr_check_heap.o)
                                                  /Applications/MCUXpressoIDE_11.5.0_7232/ide/plugins/com.nxp.mcuxpresso.tools.macosx_11.5.0.202107051138/tools/bin/../lib/gcc/arm-none-eabi/10.3.1/../../../../arm-none-eabi/lib/thumb/v6-m/nofp/libcr_c.a(_cr_sbrk.o)
__data_section_table                              ./startup/startup_mkl46z4.o
__data_section_table_end                          ./startup/startup_mkl46z4.o
__end_of_heap                                     /Applications/MCUXpressoIDE_11.5.0_7232/ide/plugins/com.nxp.mcuxpresso.tools.macosx_11.5.0.202107051138/tools/bin/../lib/gcc/arm-none-eabi/10.3.1/../../../../arm-none-eabi/lib/thumb/v6-m/nofp/libcr_c.a(__init_alloc.o)
                                                  /Applications/MCUXpressoIDE_11.5.0_7232/ide/plugins/com.nxp.mcuxpresso.tools.macosx_11.5.0.202107051138/tools/bin/../lib/gcc/arm-none-eabi/10.3.1/../../../../arm-none-eabi/lib/thumb/v6-m/nofp/libcr_c.a(_cr_sbrk.o)
__exit                                            /Applications/MCUXpressoIDE_11.5.0_7232/ide/plugins/com.nxp.mcuxpresso.tools.macosx_11.5.0.202107051138/tools/bin/../lib/gcc/arm-none-eabi/10.3.1/../../../../arm-none-eabi/lib/thumb/v6-m/nofp/libcr_semihost_nf.a(__sys_appexit.o)
__flsbuf                                          /Applications/MCUXpressoIDE_11.5.0_7232/ide/plugins/com.nxp.mcuxpresso.tools.macosx_11.5.0.202107051138/tools/bin/../lib/gcc/arm-none-eabi/10.3.1/../../../../arm-none-eabi/lib/thumb/v6-m/nofp/libcr_c.a(_deferredlazyseek.o)
                                                  /Applications/MCUXpressoIDE_11.5.0_7232/ide/plugins/com.nxp.mcuxpresso.tools.macosx_11.5.0.202107051138/tools/bin/../lib/gcc/arm-none-eabi/10.3.1/../../../../arm-none-eabi/lib/thumb/v6-m/nofp/libcr_c.a(fputs.o)
                                                  /Applications/MCUXpressoIDE_11.5.0_7232/ide/plugins/com.nxp.mcuxpresso.tools.macosx_11.5.0.202107051138/tools/bin/../lib/gcc/arm-none-eabi/10.3.1/../../../../arm-none-eabi/lib/thumb/v6-m/nofp/libcr_semihost_nf.a(_cr_assert.o)
__heaps                                           /Applications/MCUXpressoIDE_11.5.0_7232/ide/plugins/com.nxp.mcuxpresso.tools.macosx_11.5.0.202107051138/tools/bin/../lib/gcc/arm-none-eabi/10.3.1/../../../../arm-none-eabi/lib/thumb/v6-m/nofp/libcr_c.a(__init_alloc.o)
                                                  /Applications/MCUXpressoIDE_11.5.0_7232/ide/plugins/com.nxp.mcuxpresso.tools.macosx_11.5.0.202107051138/tools/bin/../lib/gcc/arm-none-eabi/10.3.1/../../../../arm-none-eabi/lib/thumb/v6-m/nofp/libcr_c.a(alloc.o)
__main                                            /Applications/MCUXpressoIDE_11.5.0_7232/ide/plugins/com.nxp.mcuxpresso.tools.macosx_11.5.0.202107051138/tools/bin/../lib/gcc/arm-none-eabi/10.3.1/../../../../arm-none-eabi/lib/thumb/v6-m/nofp/libcr_semihost_nf.a(_cr__main.o)
                                                  ./startup/startup_mkl46z4.o
__num_Ciob_streams                                /Applications/MCUXpressoIDE_11.5.0_7232/ide/plugins/com.nxp.mcuxpresso.tools.macosx_11.5.0.202107051138/tools/bin/../lib/gcc/arm-none-eabi/10.3.1/../../../../arm-none-eabi/lib/thumb/v6-m/nofp/libcr_semihost_nf.a(__ciob.o)
                                                  /Applications/MCUXpressoIDE_11.5.0_7232/ide/plugins/com.nxp.mcuxpresso.tools.macosx_11.5.0.202107051138/tools/bin/../lib/gcc/arm-none-eabi/10.3.1/../../../../arm-none-eabi/lib/thumb/v6-m/nofp/libcr_c.a(fflush.o)
                                                  /Applications/MCUXpressoIDE_11.5.0_7232/ide/plugins/com.nxp.mcuxpresso.tools.macosx_11.5.0.202107051138/tools/bin/../lib/gcc/arm-none-eabi/10.3.1/../../../../arm-none-eabi/lib/thumb/v6-m/nofp/libcr_c.a(initio.o)
__sys_appexit                                     /Applications/MCUXpressoIDE_11.5.0_7232/ide/plugins/com.nxp.mcuxpresso.tools.macosx_11.5.0.202107051138/tools/bin/../lib/gcc/arm-none-eabi/10.3.1/../../../../arm-none-eabi/lib/thumb/v6-m/nofp/libcr_semihost_nf.a(__sys_appexit.o)
                                                  /Applications/MCUXpressoIDE_11.5.0_7232/ide/plugins/com.nxp.mcuxpresso.tools.macosx_11.5.0.202107051138/tools/bin/../lib/gcc/arm-none-eabi/10.3.1/../../../../arm-none-eabi/lib/thumb/v6-m/nofp/libcr_c.a(alloc.o)
                                                  /Applications/MCUXpressoIDE_11.5.0_7232/ide/plugins/com.nxp.mcuxpresso.tools.macosx_11.5.0.202107051138/tools/bin/../lib/gcc/arm-none-eabi/10.3.1/../../../../arm-none-eabi/lib/thumb/v6-m/nofp/libcr_semihost_nf.a(_cr_assert.o)
__sys_close                                       /Applications/MCUXpressoIDE_11.5.0_7232/ide/plugins/com.nxp.mcuxpresso.tools.macosx_11.5.0.202107051138/tools/bin/../lib/gcc/arm-none-eabi/10.3.1/../../../../arm-none-eabi/lib/thumb/v6-m/nofp/libcr_semihost_nf.a(__sys_close.o)
                                                  /Applications/MCUXpressoIDE_11.5.0_7232/ide/plugins/com.nxp.mcuxpresso.tools.macosx_11.5.0.202107051138/tools/bin/../lib/gcc/arm-none-eabi/10.3.1/../../../../arm-none-eabi/lib/thumb/v6-m/nofp/libcr_c.a(fclose.o)
__sys_flen                                        /Applications/MCUXpressoIDE_11.5.0_7232/ide/plugins/com.nxp.mcuxpresso.tools.macosx_11.5.0.202107051138/tools/bin/../lib/gcc/arm-none-eabi/10.3.1/../../../../arm-none-eabi/lib/thumb/v6-m/nofp/libcr_semihost_nf.a(__sys_flen.o)
                                                  /Applications/MCUXpressoIDE_11.5.0_7232/ide/plugins/com.nxp.mcuxpresso.tools.macosx_11.5.0.202107051138/tools/bin/../lib/gcc/arm-none-eabi/10.3.1/../../../../arm-none-eabi/lib/thumb/v6-m/nofp/libcr_c.a(fseek.o)
                                                  /Applications/MCUXpressoIDE_11.5.0_7232/ide/plugins/com.nxp.mcuxpresso.tools.macosx_11.5.0.202107051138/tools/bin/../lib/gcc/arm-none-eabi/10.3.1/../../../../arm-none-eabi/lib/thumb/v6-m/nofp/libcr_c.a(_writebuf.o)
__sys_istty                                       /Applications/MCUXpressoIDE_11.5.0_7232/ide/plugins/com.nxp.mcuxpresso.tools.macosx_11.5.0.202107051138/tools/bin/../lib/gcc/arm-none-eabi/10.3.1/../../../../arm-none-eabi/lib/thumb/v6-m/nofp/libcr_semihost_nf.a(__sys_istty.o)
                                                  /Applications/MCUXpressoIDE_11.5.0_7232/ide/plugins/com.nxp.mcuxpresso.tools.macosx_11.5.0.202107051138/tools/bin/../lib/gcc/arm-none-eabi/10.3.1/../../../../arm-none-eabi/lib/thumb/v6-m/nofp/libcr_c.a(fseek.o)
                                                  /Applications/MCUXpressoIDE_11.5.0_7232/ide/plugins/com.nxp.mcuxpresso.tools.macosx_11.5.0.202107051138/tools/bin/../lib/gcc/arm-none-eabi/10.3.1/../../../../arm-none-eabi/lib/thumb/v6-m/nofp/libcr_c.a(_deferredlazyseek.o)
__sys_remove                                      /Applications/MCUXpressoIDE_11.5.0_7232/ide/plugins/com.nxp.mcuxpresso.tools.macosx_11.5.0.202107051138/tools/bin/../lib/gcc/arm-none-eabi/10.3.1/../../../../arm-none-eabi/lib/thumb/v6-m/nofp/libcr_semihost_nf.a(__sys_remove.o)
                                                  /Applications/MCUXpressoIDE_11.5.0_7232/ide/plugins/com.nxp.mcuxpresso.tools.macosx_11.5.0.202107051138/tools/bin/../lib/gcc/arm-none-eabi/10.3.1/../../../../arm-none-eabi/lib/thumb/v6-m/nofp/libcr_c.a(remove.o)